I Wed-19:18:21.858: **************************************** Bluesky Startup
I Wed-19:18:24.586: NumExpr defaulting to 8 threads.
start x=1.2501 y=42.9499
save_img=0: no .h5 will be written; scan file is A0026_G10_a0001.csv
NOTE: header lines skipped (not available): roi1, roi2, roi3, roi4
NOTE: columns skipped (not available): {motor2}, {det}_stats4_total, {det}_stats3_total, {det}_stats2_total, {det}_stats1_total
Scan file: /gdata/dm/8ID/8IDE/2026-3/pope202609/data/bluesky/A0026_G10_a0001.csv
   #       huber_x  elapsed_time .mm1_current1 .mm1_current2 .mm1_current3 .mm1_current4 .amm3_sum_all .amm1_sum_all pcd1_pressure pcd1_setpoint pcd2_pressure pcd2_setpoint
   1        -3.750        11.373        -0.400         0.520         1.198         0.000         0.450         1.318         1.100         0.000         0.000         0.000
   2        -3.500        12.972        -0.400         0.583         1.197         0.000         0.258         1.380         1.100         0.000         0.000         0.000
   3        -3.250        14.679        -0.400         0.519         1.197         0.000         0.187         1.316         1.100         0.000         0.000         0.000
   4        -3.000        16.275        -0.400         0.542         1.197         0.000         0.305         1.340         1.100         0.000         0.000         0.000
   5        -2.750        17.964        -0.400         0.523         1.198         0.000         0.225         1.321         1.100         0.000         0.000         0.000
   6        -2.500        19.659        -0.400         0.494         1.198         0.000         0.276         1.292         1.100         0.000         0.000         0.000
   7        -2.250        21.359        -0.400         0.643         1.198         0.000         0.410         1.441         1.100         0.000         0.000         0.000
   8        -2.000        23.038        -0.400         0.445         1.197         0.000         0.571         1.242         1.100         0.000         0.000         0.000
   9        -1.750        24.745        -0.400         0.550         1.198         0.000         0.620         1.347         1.100         0.000         0.000         0.000
  10        -1.500        26.347        -0.400         0.424         1.202         0.000         0.430         1.226         1.100         0.000         0.000         0.000
  11        -1.250        27.943        -0.400         0.455         1.199         0.000         0.401         1.254         1.100         0.000         0.000         0.000
  12        -1.000        29.421        -0.400         0.384         1.198         0.000         0.545         1.182         1.100         0.000         0.000         0.000
  13        -0.750        31.022        -0.400         0.500         1.198         0.000         0.572         1.297         1.100         0.000         0.000         0.000
  14        -0.500        32.408        -0.400         0.365         1.198         0.000         0.366         1.163         1.100         0.000         0.000         0.000
  15        -0.250        34.002        -0.400         0.525         1.198         0.000         0.188         1.322         1.100         0.000         0.000         0.000
  16         0.000        35.699        -0.400         0.283         1.198         0.000         0.039         1.081         1.100         0.000         0.000         0.000
  17         0.250        37.295        -0.400         0.490         1.198         0.000         0.085         1.288         1.100         0.000         0.000         0.000
  18         0.500        39.108        -0.400         0.369         1.197         0.000         0.222         1.166         1.100         0.000         0.000         0.000
  19         0.750        40.705        -0.400         0.481         1.198         0.000         0.182         1.278         1.100         0.000         0.000         0.000
  20         1.000        42.409        -0.400         0.384         1.198         0.000         0.461         1.181         1.100         0.000         0.000         0.000
  21         1.250        44.000        -0.400         0.500         1.197         0.000         0.240         1.298         1.100         0.000         0.000         0.000
  22         1.500        45.499        -0.400         0.561         1.197         0.000         0.478         1.358         1.100         0.000         0.000         0.000
  23         1.750        47.114        -0.400         0.462         1.197         0.000         0.434         1.260         1.100         0.000         0.000         0.000
  24         2.000        48.794        -0.400         0.399         1.197         0.000         0.386         1.196         1.100         0.000         0.000         0.000
  25         2.250        50.402        -0.400         0.385         1.197         0.000         0.306         1.182         1.100         0.000         0.000         0.000
  26         2.500        52.209        -0.400         0.392         1.197         0.000         0.162         1.189         1.100         0.000         0.000         0.000
  27         2.750        53.806        -0.400         0.407         1.197         0.001         0.501         1.205         1.100         0.000         0.000         0.000
  28         3.000        55.621        -0.400         0.344         1.197         0.000         0.447         1.141         1.100         0.000         0.000         0.000
  29         3.250        57.213        -0.400         0.402         1.197         0.001         0.293         1.199         1.000         0.000         0.000         0.000
  30         3.500        58.721        -0.400         0.536         1.197         0.000         0.331         1.334         1.000         0.000         0.000         0.000
  31         3.750        60.341        -0.400         0.565         1.197         0.000         0.390         1.362         1.000         0.000         0.000         0.000
  32         4.000        62.148        -0.400         0.646         1.197         0.000         0.568         1.443         1.000         0.000         0.000         0.000
  33         4.250        63.761        -0.400         0.646         1.197         0.001         0.348         1.444         1.100         0.000         0.000         0.000
  34         4.500        65.490        -0.400         0.663         1.197         0.000         0.429         1.461         1.000         0.000         0.000         0.000
  35         4.750        67.112        -0.400         0.608         1.197         0.000         0.642         1.405         1.000         0.000         0.000         0.000
  36         5.000        68.629        -0.400         0.487         1.197         0.000         0.217         1.285         1.000         0.000         0.000         0.000
  37         5.250        70.259        -0.400         0.389         1.197         0.000         0.489         1.187         1.000         0.000         0.000         0.000
  38         5.500        71.740        -0.400         0.431         1.198         0.000         0.176         1.229         1.000         0.000         0.000         0.000
  39         5.750        73.331        -0.400         0.578         1.198         0.000         0.269         1.376         1.000         0.000         0.000         0.000
  40         6.000        75.035        -0.400         0.550         1.198         0.000         0.479         1.347         1.000         0.000         0.000         0.000
  41         6.250        76.597        -0.400         0.530         1.198         0.000         0.580         1.328         1.000         0.000         0.000         0.000
huber_x: back at 1.2501149999999797 (start 1.2500699999999796)
Scan file closed (success, 41 points): /gdata/dm/8ID/8IDE/2026-3/pope202609/data/bluesky/A0026_G10_a0001.csv
[cross] x done 90s -> /gdata/dm/8ID/8IDE/2026-3/pope202609/data/bluesky/A0026_G10_a0001.csv
save_img=0: no .h5 will be written; scan file is A0027_G10_a0001.csv
NOTE: header lines skipped (not available): roi1, roi2, roi3, roi4
NOTE: columns skipped (not available): {motor2}, {det}_stats4_total, {det}_stats3_total, {det}_stats2_total, {det}_stats1_total
Scan file: /gdata/dm/8ID/8IDE/2026-3/pope202609/data/bluesky/A0027_G10_a0001.csv
   #       huber_y  elapsed_time .mm1_current1 .mm1_current2 .mm1_current3 .mm1_current4 .amm3_sum_all .amm1_sum_all pcd1_pressure pcd1_setpoint pcd2_pressure pcd2_setpoint
   1        37.950        10.855        -0.400         0.528         1.197         0.001         0.544         1.326         1.100         0.000         0.000         0.000
   2        38.200        13.016        -0.400         0.378         1.197         0.000         0.642         1.176         1.100         0.000         0.000         0.000
   3        38.450        15.073        -0.400         0.396         1.197         0.000         0.577         1.193         1.100         0.000         0.000         0.000
   4        38.700        16.477        -0.400         0.539         1.197         0.001         0.466         1.336         1.100         0.000         0.000         0.000
   5        38.950        18.089        -0.400         0.505         1.197         0.000         0.529         1.303         1.100         0.000         0.000         0.000
   6        39.200        19.698        -0.400         0.471         1.197         0.000         0.466         1.269         1.100         0.000         0.000         0.000
   7        39.450        21.520        -0.400         0.553         1.198         0.000         0.369         1.351         1.100         0.000         0.000         0.000
   8        39.700        23.690        -0.400         0.514         1.197         0.001         0.559         1.312         1.100         0.000         0.000         0.000
   9        39.950        25.195        -0.400         0.480         1.198         0.000         0.425         1.278         1.100         0.000         0.000         0.000
  10        40.200        27.145        -0.400         0.528         1.198         0.001         0.648         1.326         1.100         0.000         0.000         0.000
  11        40.450        28.415        -0.400         0.501         1.198         0.001         0.199         1.299         1.100         0.000         0.000         0.000
  12        40.700        30.689        -0.400         0.393         1.198         0.001         0.528         1.191         1.100         0.000         0.000         0.000
  13        40.950        32.304        -0.400         0.463         1.198         0.001         0.317         1.261         1.100         0.000         0.000         0.000
  14        41.200        34.350        -0.400         0.570         1.197         0.000         0.521         1.367         1.100         0.000         0.000         0.000
  15        41.450        35.623        -0.400         0.390         1.197         0.000         0.526         1.188         1.100         0.000         0.000         0.000
  16        41.700        37.218        -0.400         0.413         1.198         0.000         0.571         1.211         1.100         0.000         0.000         0.000
  17        41.950        38.500        -0.400         0.512         1.197         0.001         0.438         1.310         1.100         0.000         0.000         0.000
  18        42.200        39.776        -0.400         0.611         1.197         0.001         0.435         1.409         1.100         0.000         0.000         0.000
  19        42.450        41.072        -0.400         0.576         1.197         0.001         0.412         1.373         1.100         0.000         0.000         0.000
  20        42.700        42.573        -0.400         0.576         1.198         0.001         0.367         1.374         1.100         0.000         0.000         0.000
  21        42.950        44.290        -0.400         0.625         1.198         0.000         0.275         1.423         1.100         0.000         0.000         0.000
  22        43.200        46.225        -0.400         0.680         1.198         0.000         0.159         1.478         1.100         0.000         0.000         0.000
  23        43.450        47.483        -0.400         0.573         1.197         0.000         0.280         1.371         1.100         0.000         0.000         0.000
  24        43.700        49.103        -0.400         0.481         1.198         0.001         0.560         1.279         1.100         0.000         0.000         0.000
  25        43.950        50.374        -0.400         0.472         1.198         0.001         0.428         1.271         1.100         0.000         0.000         0.000
  26        44.200        51.659        -0.400         0.478         1.198         0.001         0.411         1.276         1.100         0.000         0.000         0.000
  27        44.450        52.933        -0.400         0.562         1.198         0.001         0.474         1.360         1.100         0.000         0.000         0.000
  28        44.700        54.551        -0.400         0.453         1.198         0.001         0.376         1.251         1.100         0.000         0.000         0.000
  29        44.950        56.368        -0.400         0.406         1.198         0.001         0.418         1.204         1.000         0.000         0.000         0.000
  30        45.200        58.524        -0.400         0.510         1.198         0.001         0.441         1.308         1.000         0.000         0.000         0.000
  31        45.450        59.810        -0.400         0.618         1.198         0.000         0.245         1.416         1.000         0.000         0.000         0.000
  32        45.700        61.307        -0.400         0.374         1.198         0.000         0.340         1.172         1.000         0.000         0.000         0.000
  33        45.950        63.551        -0.400         0.508         1.198         0.000         0.465         1.306         1.000         0.000         0.000         0.000
  34        46.200        65.711        -0.400         0.424         1.198         0.000        -0.090         1.222         1.000         0.000         0.000         0.000
  35        46.450        67.986        -0.400         0.517         1.198         0.000         0.118         1.315         1.000         0.000         0.000         0.000
  36        46.700        69.270        -0.400         0.483         1.198         0.000        -0.013         1.281         1.000         0.000         0.000         0.000
  37        46.950        70.875        -0.400         0.342         1.198         0.000         0.662         1.140         1.000         0.000         0.000         0.000
  38        47.200        72.152        -0.400         0.461         1.197         0.000         0.380         1.259         1.000         0.000         0.000         0.000
  39        47.450        74.422        -0.400         0.361         1.198         0.000         0.236         1.159         1.000         0.000         0.000         0.000
  40        47.700        75.707        -0.400         0.409         1.198         0.000         0.533         1.207         1.000         0.000         0.000         0.000
  41        47.950        77.202        -0.400         0.467         1.198         0.000         0.376         1.265         1.000         0.000         0.000         0.000
huber_y: back at 42.949825000000004 (start 42.949835)
Scan file closed (success, 41 points): /gdata/dm/8ID/8IDE/2026-3/pope202609/data/bluesky/A0027_G10_a0001.csv
[cross] y done 90s -> /gdata/dm/8ID/8IDE/2026-3/pope202609/data/bluesky/A0027_G10_a0001.csv
end   x=1.2501 y=42.9498
