I Wed-19:29:13.384: **************************************** Bluesky Startup
I Wed-19:29:15.935: NumExpr defaulting to 8 threads.
x=1.2500 (HLM 6.75)  y=42.9495 (HLM 48.5)
pind=IN  atten=1.0  delta=10.000 nu=0.0001
save_img=0: no .h5 will be written; scan file is A0028_G10_a0001.csv
NOTE: header lines skipped (not available): roi1, roi2, roi3, roi4
NOTE: columns skipped (not available): {det}_stats4_total, {det}_stats3_total, {det}_stats2_total, {det}_stats1_total
Scan file: /gdata/dm/8ID/8IDE/2026-3/pope202609/data/bluesky/A0028_G10_a0001.csv
   #       huber_x       huber_y  elapsed_time .mm1_current1 .mm1_current2 .mm1_current3 .mm1_current4 .amm3_sum_all .amm1_sum_all pcd1_pressure pcd1_setpoint pcd2_pressure pcd2_setpoint
   1        -3.750        37.949        11.370        -0.400         0.560         1.198         0.000         0.363         1.358         1.000         0.000         0.000         0.000
   2        -3.750        38.450        13.180        -0.400         0.362         1.198         0.001         0.641         1.161         1.000         0.000         0.000         0.000
   3        -3.750        38.949        15.092        -0.400         0.339         1.198         0.001         0.172         1.138         1.000         0.000         0.000         0.000
   4        -3.750        39.450        17.337        -0.400         0.419         1.198         0.001         0.558         1.217         1.000         0.000         0.000         0.000
   5        -3.750        39.950        19.370        -0.400         0.476         1.198         0.001         0.404         1.274         1.000         0.000         0.000         0.000
   6        -3.750        40.450        22.269        -0.400         0.591         1.198         0.000         0.380         1.389         1.000         0.000         0.000         0.000
   7        -3.750        40.950        24.292        -0.400         0.641         1.198         0.000         0.295         1.439         1.000         0.000         0.000         0.000
   8        -3.750        41.450        26.210        -0.400         0.631         1.198         0.000         0.272         1.430         1.100         0.000         0.000         0.000
   9        -3.750        41.950        28.216        -0.400         0.509         1.198         0.000         0.214         1.307         1.100         0.000         0.000         0.000
  10        -3.750        42.449        30.920        -0.400         0.478         1.198         0.000         0.203         1.276         1.100         0.000         0.000         0.000
  11        -3.750        42.950        32.937        -0.400         0.611         1.198         0.000         0.244         1.409         1.100         0.000         0.000         0.000
  12        -3.750        43.450        35.828        -0.400         0.546         1.198         0.000         0.018         1.344         1.100         0.000         0.000         0.000
  13        -3.750        43.949        37.961        -0.400         0.580         1.198         0.000        -0.014         1.378         1.100         0.000         0.000         0.000
  14        -3.750        44.450        39.755        -0.400         0.600         1.198         0.000         0.366         1.398         1.100         0.000         0.000         0.000
  15        -3.750        44.949        41.805        -0.400         0.470         1.198         0.000         0.297         1.269         1.100         0.000         0.000         0.000
  16        -3.750        45.450        44.588        -0.400         0.499         1.198         0.000         0.487         1.297         1.100         0.000         0.000         0.000
  17        -3.750        45.949        46.611        -0.400         0.481         1.198         0.000         0.276         1.279         1.100         0.000         0.000         0.000
  18        -3.750        46.450        49.297        -0.400         0.573         1.198         0.000         0.159         1.371         1.100         0.000         0.000         0.000
  19        -3.750        46.949        51.439        -0.400         0.412         1.198         0.000         0.128         1.210         1.100         0.000         0.000         0.000
  20        -3.750        47.450        54.242        -0.400         0.561         1.198         0.000         0.347         1.359         1.100         0.000         0.000         0.000
  21        -3.750        47.950        56.267        -0.400         0.665         1.198         0.000         0.313         1.464         1.100         0.000         0.000         0.000
  22        -3.250        37.950        77.076        -0.400         0.404         1.198         0.001         0.198         1.202         1.000         0.000         0.000         0.000
  23        -3.250        38.450        79.638        -0.400         0.597         1.198         0.001         0.330         1.395         1.000         0.000         0.000         0.000
  24        -3.250        38.949        81.566        -0.400         0.500         1.198         0.001         0.217         1.298         1.000         0.000         0.000         0.000
  25        -3.250        39.450        83.804        -0.400         0.608         1.198         0.000         0.187         1.406         1.000         0.000         0.000         0.000
  26        -3.250        39.950        85.817        -0.400         0.474         1.198         0.000         0.187         1.273         1.000         0.000         0.000         0.000
  27        -3.250        40.450        88.612        -0.400         0.455         1.198         0.000         0.527         1.253         1.100         0.000         0.000         0.000
  28        -3.250        40.950        90.644        -0.400         0.395         1.198         0.000         0.355         1.193         1.100         0.000         0.000         0.000
  29        -3.250        41.450        93.439        -0.400         0.463         1.198         0.000         0.244         1.261         1.100         0.000         0.000         0.000
  30        -3.250        41.949        95.570        -0.400         0.548         1.198         0.000         0.421         1.346         1.100         0.000         0.000         0.000
  31        -3.250        42.450        98.463        -0.400         0.341         1.198         0.000         0.222         1.139         1.100         0.000         0.000         0.000
  32        -3.250        42.950       100.478        -0.400         0.512         1.198         0.000         0.016         1.311         1.100         0.000         0.000         0.000
  33        -3.250        43.450       103.374        -0.400         0.524         1.198         0.000         0.377         1.322         1.100         0.000         0.000         0.000
  34        -3.250        43.949       105.497        -0.400         0.485         1.198         0.000         0.309         1.283         1.100         0.000         0.000         0.000
  35        -3.250        44.450       107.312        -0.400         0.461         1.198         0.001         0.196         1.259         1.100         0.000         0.000         0.000
  36        -3.250        44.949       109.326        -0.400         0.663         1.198         0.000         0.293         1.461         1.100         0.000         0.000         0.000
  37        -3.250        45.450       112.110        -0.400         0.504         1.198         0.000         0.119         1.302         1.000         0.000         0.000         0.000
  38        -3.250        45.949       114.144        -0.400         0.461         1.198         0.000         0.028         1.259         1.000         0.000         0.000         0.000
  39        -3.250        46.450       116.952        -0.400         0.606         1.198         0.000        -0.012         1.404         1.000         0.000         0.000         0.000
  40        -3.250        46.949       119.067        -0.400         0.461         1.198         0.001         0.202         1.260         1.000         0.000         0.000         0.000
  41        -3.250        47.450       121.870        -0.400         0.620         1.198         0.000         0.290         1.419         1.000         0.000         0.000         0.000
  42        -3.250        47.949       123.894        -0.400         0.479         1.198         0.000         0.057         1.277         1.000         0.000         0.000         0.000
  43        -2.750        37.949       144.705        -0.400         0.583         1.198         0.001         0.599         1.382         1.100         0.000         0.000         0.000
  44        -2.750        38.450       147.276        -0.400         0.613         1.198         0.000         0.452         1.412         1.100         0.000         0.000         0.000
  45        -2.750        38.949       149.182        -0.400         0.586         1.198         0.001         0.480         1.384         1.100         0.000         0.000         0.000
  46        -2.750        39.450       150.984        -0.400         0.519         1.198         0.001         0.574         1.318         1.100         0.000         0.000         0.000
  47        -2.750        39.950       152.898        -0.400         0.525         1.198         0.000         0.493         1.324         1.100         0.000         0.000         0.000
  48        -2.750        40.450       155.787        -0.400         0.622         1.198         0.001         0.240         1.421         1.000         0.000         0.000         0.000
  49        -2.750        40.950       157.817        -0.400         0.548         1.198         0.000         0.293         1.347         1.000         0.000         0.000         0.000
  50        -2.750        41.450       160.760        -0.400         0.470         1.198         0.000         0.401         1.268         1.000         0.000         0.000         0.000
  51        -2.750        41.949       162.901        -0.400         0.608         1.198         0.000         0.131         1.406         1.000         0.000         0.000         0.000
  52        -2.750        42.449       165.585        -0.400         0.548         1.198         0.000         0.009         1.346         1.000         0.000         0.000         0.000
  53        -2.750        42.950       167.613        -0.400         0.551         1.198         0.000         0.055         1.349         1.000         0.000         0.000         0.000
  54        -2.750        43.450       170.521        -0.400         0.573         1.198         0.000         0.091         1.371         1.000         0.000         0.000         0.000
  55        -2.750        43.950       172.550        -0.400         0.589         1.198         0.000         0.168         1.387         1.000         0.000         0.000         0.000
  56        -2.750        44.450       174.338        -0.400         0.459         1.198         0.000         0.305         1.257         1.000         0.000         0.000         0.000
  57        -2.750        44.949       176.372        -0.400         0.545         1.198         0.000         0.147         1.343         1.000         0.000         0.000         0.000
  58        -2.750        45.450       179.157        -0.400         0.608         1.198         0.001         0.135         1.407         1.000         0.000         0.000         0.000
  59        -2.750        45.950       181.167        -0.400         0.626         1.198         0.001         0.156         1.424         1.000         0.000         0.000         0.000
  60        -2.750        46.450       183.085        -0.400         0.565         1.198         0.000        -0.067         1.364         1.000         0.000         0.000         0.000
  61        -2.750        46.949       185.119        -0.400         0.638         1.198         0.000        -0.094         1.436         1.000         0.000         0.000         0.000
  62        -2.750        47.450       187.919        -0.400         0.608         1.198         0.000         0.012         1.407         1.100         0.000         0.000         0.000
  63        -2.750        47.950       189.925        -0.400         0.822         1.198         0.000        -0.019         1.621         1.100         0.000         0.000         0.000
  64        -2.250        37.949       210.748        -0.400         0.532         1.198         0.000         0.268         1.331         1.100         0.000         0.000         0.000
  65        -2.250        38.450       213.311        -0.400         0.468         1.198         0.000         0.346         1.266         1.100         0.000         0.000         0.000
  66        -2.250        38.949       215.204        -0.400         0.464         1.198         0.000         0.241         1.263         1.100         0.000         0.000         0.000
  67        -2.250        39.450       217.005        -0.400         0.387         1.198         0.000         0.105         1.185         1.100         0.000         0.000         0.000
  68        -2.250        39.950       218.906        -0.400         0.387         1.198         0.000         0.149         1.185         1.100         0.000         0.000         0.000
  69        -2.250        40.450       221.586        -0.400         0.437         1.198         0.000         0.283         1.235         1.100         0.000         0.000         0.000
  70        -2.250        40.950       223.662        -0.400         0.371         1.199         0.000         0.447         1.171         1.100         0.000         0.000         0.000
  71        -2.250        41.450       226.551        -0.400         0.459        18.630         0.001         0.390        18.689         1.100         0.000         0.000         0.000
  72        -2.250        41.949       228.684        -0.400         0.446         1.221         0.001         0.496         1.267         1.100         0.000         0.000         0.000
  73        -2.250        42.450       231.359        -0.400         0.537         1.198         0.000         0.337         1.336         1.100         0.000         0.000         0.000
  74        -2.250        42.950       233.383        -0.400         0.481         1.198         0.001         0.359         1.279         1.100         0.000         0.000         0.000
  75        -2.250        43.450       236.155        -0.400         0.419         1.198         0.000         0.476         1.218         1.100         0.000         0.000         0.000
  76        -2.250        43.950       238.168        -0.400         0.437         1.198         0.000         0.445         1.235         1.100         0.000         0.000         0.000
  77        -2.250        44.450       240.968        -0.400         0.481         1.198         0.000         0.240         1.279         1.100         0.000         0.000         0.000
  78        -2.250        44.950       242.983        -0.400         0.418         1.198         0.000         0.316         1.216         1.100         0.000         0.000         0.000
  79        -2.250        45.450       244.890        -0.400         0.276         1.198         0.000         0.528         1.074         1.100         0.000         0.000         0.000
  80        -2.250        45.949       246.904        -0.400         0.471         1.198         0.000         0.323         1.269         1.100         0.000         0.000         0.000
  81        -2.250        46.450       248.832        -0.400         0.627         1.198         0.000         0.346         1.425         1.100         0.000         0.000         0.000
  82        -2.250        46.949       250.845        -0.400         0.610         1.198         0.001         0.239         1.408         1.100         0.000         0.000         0.000
  83        -2.250        47.450       253.637        -0.400         0.571         1.198         0.001         0.108         1.369         1.100         0.000         0.000         0.000
  84        -2.250        47.949       255.667        -0.400         0.683         1.198         0.001         0.156         1.482         1.100         0.000         0.000         0.000
  85        -1.750        37.950       276.481        -0.400         0.430         1.198         0.000         0.122         1.228         1.100         0.000         0.000         0.000
  86        -1.750        38.450       279.134        -0.400         0.510         1.198         0.000         0.239         1.308         1.100         0.000         0.000         0.000
  87        -1.750        38.949       281.033        -0.400         0.499         1.198         0.001         0.299         1.298         1.100         0.000         0.000         0.000
  88        -1.750        39.450       283.290        -0.400         0.609         1.198         0.001         0.559         1.408         1.100         0.000         0.000         0.000
  89        -1.750        39.950       285.310        -0.400         0.724         1.198         0.000         0.479         1.523         1.100         0.000         0.000         0.000
  90        -1.750        40.450       288.207        -0.400         0.606         1.198         0.001         0.298         1.405         1.100         0.000         0.000         0.000
  91        -1.750        40.950       290.224        -0.400         0.482         1.198         0.000         0.285         1.280         1.100         0.000         0.000         0.000
  92        -1.750        41.450       293.000        -0.400         0.571         1.230         0.000         0.358         1.401         1.100         0.000         0.000         0.000
  93        -1.750        41.949       295.131        -0.400         0.553        15.838         0.001         0.107        15.991         1.100         0.000         0.000         0.000
  94        -1.750        42.450       297.697        -0.400         0.519        15.105         0.000         0.392        15.225         1.100         0.000         0.000         0.000
  95        -1.750        42.950       299.735        -0.400         0.338         1.198         0.000         0.256         1.136         1.100         0.000         0.000         0.000
  96        -1.750        43.450       302.627        -0.400         0.485         1.198         0.000         0.352         1.283         1.100         0.000         0.000         0.000
  97        -1.750        43.950       304.652        -0.400         0.476         1.198         0.001         0.423         1.275         1.100         0.000         0.000         0.000
  98        -1.750        44.450       307.547        -0.400         0.462         1.198         0.000         0.387         1.261         1.100         0.000         0.000         0.000
  99        -1.750        44.950       309.574        -0.400         0.339         1.198         0.001         0.359         1.138         1.100         0.000         0.000         0.000
 100        -1.750        45.450       312.364        -0.400         0.269         1.198         0.001         0.291         1.067         1.100         0.000         0.000         0.000
 101        -1.750        45.949       314.399        -0.400         0.289         1.198         0.001        -0.030         1.088         1.000         0.000         0.000         0.000
 102        -1.750        46.450       316.322        -0.400         0.458         1.198         0.000         0.202         1.256         1.000         0.000         0.000         0.000
 103        -1.750        46.949       318.358        -0.400         0.401         1.198         0.000         0.177         1.199         1.000         0.000         0.000         0.000
 104        -1.750        47.450       320.187        -0.400         0.396         1.198         0.000         0.422         1.194         1.000         0.000         0.000         0.000
 105        -1.750        47.949       322.204        -0.400         0.464         1.198         0.000         0.468         1.262         1.000         0.000         0.000         0.000
 106        -1.250        37.949       343.017        -0.400         0.366         1.198         0.001         0.280         1.164         1.000         0.000         0.000         0.000
 107        -1.250        38.450       345.499        -0.400         0.497         1.198         0.001         0.478         1.295         1.000         0.000         0.000         0.000
 108        -1.250        38.949       347.414        -0.400         0.566         1.198         0.001         0.710         1.364         1.000         0.000         0.000         0.000
 109        -1.250        39.450       349.655        -0.400         0.360         1.198         0.001         0.414         1.159         1.100         0.000         0.000         0.000
 110        -1.250        39.950       351.564        -0.400         0.293         1.198         0.000         0.441         1.091         1.100         0.000         0.000         0.000
 111        -1.250        40.450       354.350        -0.400         0.369         1.198         0.001        -0.010         1.167         1.100         0.000         0.000         0.000
 112        -1.250        40.950       356.370        -0.400         0.081         1.198         0.000         0.231         0.880         1.100         0.000         0.000         0.000
 113        -1.250        41.450       358.349        -0.400         0.358         1.198         0.000         0.589         1.156         1.100         0.000         0.000         0.000
 114        -1.250        41.950       360.378        -0.400         0.411         1.207         0.000         0.115         1.218         1.100         0.000         0.000         0.000
 115        -1.250        42.450       362.948        -0.400         0.330        18.101         0.000         0.120        18.032         1.100         0.000         0.000         0.000
 116        -1.250        42.950       364.972        -0.400         0.433         1.199         0.000         0.158         1.233         1.100         0.000         0.000         0.000
 117        -1.250        43.450       367.865        -0.400         0.481         1.198         0.000         0.465         1.279         1.100         0.000         0.000         0.000
 118        -1.250        43.950       369.892        -0.400         0.545         1.198         0.000         0.067         1.344         1.100         0.000         0.000         0.000
 119        -1.250        44.450       372.797        -0.400         0.324         1.198         0.000         0.100         1.122         1.100         0.000         0.000         0.000
 120        -1.250        44.950       374.820        -0.400         0.382         1.198         0.000         0.088         1.180         1.100         0.000         0.000         0.000
 121        -1.250        45.450       376.699        -0.400         0.605         1.198         0.000         0.059         1.404         1.100         0.000         0.000         0.000
 122        -1.250        45.949       378.718        -0.400         0.667         1.198         0.000        -0.040         1.465         1.100         0.000         0.000         0.000
 123        -1.250        46.450       380.637        -0.400         0.494         1.198         0.000         0.033         1.292         1.100         0.000         0.000         0.000
 124        -1.250        46.949       382.665        -0.400         0.665         1.198         0.000         0.151         1.463         1.100         0.000         0.000         0.000
 125        -1.250        47.450       385.461        -0.400         0.626         1.198         0.000         0.132         1.425         1.100         0.000         0.000         0.000
 126        -1.250        47.949       387.472        -0.400         0.481         1.198         0.000        -0.011         1.280         1.100         0.000         0.000         0.000
 127        -0.750        37.950       408.281        -0.400         0.469         1.198         0.001        -0.064         1.268         1.000         0.000         0.000         0.000
 128        -0.750        38.450       410.220        -0.400         0.511         1.198         0.000         0.086         1.309         1.000         0.000         0.000         0.000
 129        -0.750        38.949       412.141        -0.400         0.537         1.198         0.000         0.361         1.336         1.000         0.000         0.000         0.000
 130        -0.750        39.450       414.496        -0.400         0.411         1.198         0.000        -0.016         1.209         1.000         0.000         0.000         0.000
 131        -0.750        39.950       416.390        -0.400         0.275         1.198         0.000         0.143         1.073         1.000         0.000         0.000         0.000
 132        -0.750        40.450       419.285        -0.400         0.509         1.198         0.000         0.232         1.187         1.000         0.000         0.000         0.000
 133        -0.750        40.950       421.302        -0.400         0.416         1.198         0.000         0.297         1.214         1.000         0.000         0.000         0.000
 134        -0.750        41.450       424.200        -0.400         0.399         1.198         0.000         0.241         1.197         1.000         0.000         0.000         0.000
 135        -0.750        41.949       426.331        -0.400         0.456         1.198         0.000         0.327         1.254         1.000         0.000         0.000         0.000
 136        -0.750        42.450       429.022        -0.400         0.441         1.198         0.000         0.087         1.239         1.000         0.000         0.000         0.000
 137        -0.750        42.950       431.041        -0.400         0.498         1.198         0.000        -0.006         1.296         1.000         0.000         0.000         0.000
 138        -0.750        43.450       433.925        -0.400         0.335         1.198         0.000         0.214         1.133         1.000         0.000         0.000         0.000
 139        -0.750        43.950       435.958        -0.400         0.407         1.198         0.000         0.298         1.149         1.000         0.000         0.000         0.000
 140        -0.750        44.450       438.752        -0.400         0.293         1.198         0.000         0.181         1.092         1.000         0.000         0.000         0.000
 141        -0.750        44.950       440.769        -0.400         0.464         1.198         0.000         0.283         1.262         1.000         0.000         0.000         0.000
 142        -0.750        45.450       443.436        -0.400         0.447         1.198         0.000         0.230         1.245         1.000         0.000         0.000         0.000
 143        -0.750        45.949       445.468        -0.400         0.618         1.198         0.000        -0.025         1.417         1.000         0.000         0.000         0.000
 144        -0.750        46.450       448.264        -0.400         0.510         1.198         0.000         0.152         1.309         1.000         0.000         0.000         0.000
 145        -0.750        46.949       450.415        -0.400         0.477         1.198         0.000         0.156         1.275         1.000         0.000         0.000         0.000
 146        -0.750        47.450       452.220        -0.400         0.279         1.198         0.000         0.135         1.077         1.000         0.000         0.000         0.000
 147        -0.750        47.949       454.264        -0.400         0.480         1.198         0.000         0.489         1.278         1.000         0.000         0.000         0.000
 148        -0.250        37.949       475.073        -0.400         0.688         1.198         0.000         0.420         1.486         1.100         0.000         0.000         0.000
 149        -0.250        38.450       476.985        -0.400         0.676         1.198         0.000         0.281         1.474         1.100         0.000         0.000         0.000
 150        -0.250        38.949       478.897        -0.400         0.528         1.198         0.000         0.248         1.326         1.100         0.000         0.000         0.000
 151        -0.250        39.450       481.140        -0.400         0.518         1.198         0.000         0.459         1.316         1.100         0.000         0.000         0.000
 152        -0.250        39.950       483.055        -0.400         0.513         1.198         0.000         0.494         1.312         1.100         0.000         0.000         0.000
 153        -0.250        40.450       485.840        -0.400         0.352         1.198         0.000         0.748         1.150         1.100         0.000         0.000         0.000
 154        -0.250        40.950       487.859        -0.400         0.376         1.198         0.000         0.681         1.174         1.100         0.000         0.000         0.000
 155        -0.250        41.450       490.538        -0.400         0.562         1.198         0.000         0.611         1.360         1.100         0.000         0.000         0.000
 156        -0.250        41.949       492.677        -0.400         0.579         1.198         0.000         0.496         1.377         1.100         0.000         0.000         0.000
 157        -0.250        42.450       495.249        -0.400         0.647         1.198         0.000         0.252         1.445         1.100         0.000         0.000         0.000
 158        -0.250        42.950       497.271        -0.400         0.533         1.198         0.000         0.154         1.332         1.100         0.000         0.000         0.000
 159        -0.250        43.450       500.161        -0.400         0.374         1.198         0.000         0.014         1.173         1.100         0.000         0.000         0.000
 160        -0.250        43.950       502.174        -0.400         0.443         1.198         0.001         0.402         1.241         1.100         0.000         0.000         0.000
 161        -0.250        44.450       505.067        -0.400         0.487         1.198         0.000         0.224         1.286         1.100         0.000         0.000         0.000
 162        -0.250        44.950       507.076        -0.400         0.446         1.198         0.000         0.286         1.245         1.100         0.000         0.000         0.000
 163        -0.250        45.450       509.866        -0.400         0.536         1.198         0.000         0.261         1.334         1.100         0.000         0.000         0.000
 164        -0.250        45.949       511.893        -0.400         0.575         1.198         0.000         0.166         1.373         1.100         0.000         0.000         0.000
 165        -0.250        46.450       514.792        -0.400         0.553         1.198         0.000         0.143         1.352         1.100         0.000         0.000         0.000
 166        -0.250        46.949       516.930        -0.400         0.468         1.198         0.000         0.282         1.266         1.100         0.000         0.000         0.000
 167        -0.250        47.450       518.747        -0.400         0.484         1.198         0.000         0.304         1.283         1.100         0.000         0.000         0.000
 168        -0.250        47.949       520.762        -0.400         0.513         1.198         0.000         0.096         1.311         1.100         0.000         0.000         0.000
 169         0.250        37.950       541.562        -0.400         0.351         1.198         0.000         0.432         1.149         1.100         0.000         0.000         0.000
 170         0.250        38.450       544.234        -0.400         0.378         1.198         0.001         0.150         1.177         1.100         0.000         0.000         0.000
 171         0.250        38.949       546.123        -0.400         0.292         1.198         0.000         0.276         1.090         1.100         0.000         0.000         0.000
 172         0.250        39.450       548.361        -0.400         0.343         1.198         0.001         0.266         1.141         1.100         0.000         0.000         0.000
 173         0.250        39.950       550.388        -0.400         0.297         1.198         0.000         0.043         1.095         1.100         0.000         0.000         0.000
 174         0.250        40.450       552.310        -0.400         0.238         1.198         0.001         0.208         1.037         1.100         0.000         0.000         0.000
 175         0.250        40.950       554.347        -0.400         0.502         1.198         0.001         0.216         1.301         1.100         0.000         0.000         0.000
 176         0.250        41.450       557.133        -0.400         0.440         1.198         0.001         0.323         1.238         1.100         0.000         0.000         0.000
 177         0.250        41.950       559.277        -0.400         0.366         1.198         0.001         0.472         1.165         1.100         0.000         0.000         0.000
 178         0.250        42.450       561.851        -0.400         0.370         1.198         0.001         0.450         1.169         1.100         0.000         0.000         0.000
 179         0.250        42.950       563.865        -0.400         0.593         1.198         0.001         0.300         1.391         1.100         0.000         0.000         0.000
 180         0.250        43.450       566.759        -0.400         0.322         1.198         0.000         0.279         1.121         1.100         0.000         0.000         0.000
 181         0.250        43.950       568.789        -0.400         0.389         1.198         0.000         0.628         1.188         1.100         0.000         0.000         0.000
 182         0.250        44.450       571.671        -0.400         0.439         1.198         0.001         0.459         1.238         1.100         0.000         0.000         0.000
 183         0.250        44.950       573.702        -0.400         0.515         1.198         0.001         0.030         1.314         1.100         0.000         0.000         0.000
 184         0.250        45.450       576.381        -0.400         0.502         1.198         0.001         0.337         1.301         1.000         0.000         0.000         0.000
 185         0.250        45.949       578.394        -0.400         0.456         1.198         0.001         0.295         1.255         1.000         0.000         0.000         0.000
 186         0.250        46.450       580.301        -0.400         0.694         1.198         0.001        -0.097         1.492         1.000         0.000         0.000         0.000
 187         0.250        46.949       582.324        -0.400         0.397         1.198         0.001         0.109         1.196         1.000         0.000         0.000         0.000
 188         0.250        47.450       584.116        -0.400         0.387         1.198         0.001        -0.069         1.185         1.000         0.000         0.000         0.000
 189         0.250        47.949       586.132        -0.400         0.502         1.198         0.001        -0.101         1.301         1.000         0.000         0.000         0.000
 190         0.750        37.949       607.041        -0.400         0.474         1.198         0.001         0.077         1.272         1.000         0.000         0.000         0.000
 191         0.750        38.450       608.950        -0.400         0.397         1.198         0.000         0.127         1.196         1.000         0.000         0.000         0.000
 192         0.750        38.949       610.871        -0.400         0.417         1.198         0.000         0.062         1.216         1.000         0.000         0.000         0.000
 193         0.750        39.450       613.105        -0.400         0.522         1.198         0.000         0.035         1.321         1.000         0.000         0.000         0.000
 194         0.750        39.950       615.017        -0.400         0.385         1.198         0.000         0.127         1.184         1.000         0.000         0.000         0.000
 195         0.750        40.450       617.684        -0.400         0.520         1.198         0.000         0.252         1.319         1.000         0.000         0.000         0.000
 196         0.750        40.950       619.706        -0.400         0.440         1.198         0.000         0.039         1.238         1.000         0.000         0.000         0.000
 197         0.750        41.449       622.379        -0.400         0.509         1.198         0.000         0.199         1.307         1.000         0.000         0.000         0.000
 198         0.750        41.950       624.511        -0.400         0.472         1.198         0.000         0.347         1.271         1.000         0.000         0.000         0.000
 199         0.750        42.450       626.308        -0.400         0.481         1.198         0.000         0.164         1.280         1.000         0.000         0.000         0.000
 200         0.750        42.950       628.352        -0.400         0.413         1.198         0.001         0.250         1.212         1.000         0.000         0.000         0.000
 201         0.750        43.450       631.144        -0.400         0.505         1.198         0.001         0.105         1.303         1.000         0.000         0.000         0.000
 202         0.750        43.950       633.157        -0.400         0.514         1.198         0.001        -0.020         1.313         1.000         0.000         0.000         0.000
 203         0.750        44.450       635.943        -0.400         0.388         1.198         0.001         0.331         1.187         1.000         0.000         0.000         0.000
 204         0.750        44.950       637.982        -0.400         0.510         1.198         0.001         0.411         1.309         1.000         0.000         0.000         0.000
 205         0.750        45.450       640.655        -0.400         0.418         1.198         0.001         0.527         1.217         1.000         0.000         0.000         0.000
 206         0.750        45.949       642.669        -0.400         0.349         1.198         0.000         0.298         1.147         1.000         0.000         0.000         0.000
 207         0.750        46.450       645.455        -0.400         0.416         1.198         0.000         0.342         1.215         1.000         0.000         0.000         0.000
 208         0.750        46.949       647.479        -0.400         0.509         1.198         0.000         0.040         1.307         1.000         0.000         0.000         0.000
 209         0.750        47.450       649.269        -0.400         0.415         1.198         0.000         0.174         1.214         1.000         0.000         0.000         0.000
 210         0.750        47.949       651.296        -0.400         0.404         1.198         0.000         0.374         1.202         1.000         0.000         0.000         0.000
 211         1.250        37.949       672.090        -0.400         0.437         1.198         0.001         0.251         1.236         1.100         0.000         0.000         0.000
 212         1.250        38.450       674.008        -0.400         0.481         1.198         0.001         0.322         1.280         1.100         0.000         0.000         0.000
 213         1.250        38.949       675.899        -0.400         0.455         1.198         0.001         0.393         1.254         1.100         0.000         0.000         0.000
 214         1.250        39.450       678.141        -0.400         0.388         1.198         0.000         0.216         1.187         1.100         0.000         0.000         0.000
 215         1.250        39.950       680.054        -0.400         0.609         1.198         0.001         0.243         1.408         1.000         0.000         0.000         0.000
 216         1.250        40.450       682.856        -0.400         0.536         1.198         0.001         0.414         1.335         1.000         0.000         0.000         0.000
 217         1.250        40.950       684.854        -0.400         0.715         1.198         0.000         0.349         1.514         1.000         0.000         0.000         0.000
 218         1.250        41.450       687.619        -0.400         0.413         1.198         0.000         0.193         1.211         1.000         0.000         0.000         0.000
 219         1.250        41.950       689.744        -0.400         0.513         1.198         0.000         0.306         1.311         1.000         0.000         0.000         0.000
 220         1.250        42.450       691.539        -0.400         0.484         1.198         0.001         0.289         1.283         1.000         0.000         0.000         0.000
 221         1.250        42.950       693.560        -0.400         0.554         1.198         0.001         0.341         1.353         1.000         0.000         0.000         0.000
 222         1.250        43.449       696.238        -0.400         0.555         1.198         0.000         0.160         1.354         1.100         0.000         0.000         0.000
 223         1.250        43.950       698.259        -0.400         0.500         1.198         0.000         0.481         1.299         1.100         0.000         0.000         0.000
 224         1.250        44.450       701.154        -0.400         0.325         1.198         0.000         0.376         1.124         1.100         0.000         0.000         0.000
 225         1.250        44.950       703.192        -0.400         0.578         1.198         0.001         0.507         1.377         1.100         0.000         0.000         0.000
 226         1.250        45.450       705.075        -0.400         0.619         1.198         0.000         0.315         1.418         1.100         0.000         0.000         0.000
 227         1.250        45.949       707.099        -0.400         0.551         1.198         0.000         0.510         1.350         1.000         0.000         0.000         0.000
 228         1.250        46.450       709.983        -0.400         0.361         1.198         0.001         0.288         1.160         1.000         0.000         0.000         0.000
 229         1.250        46.949       711.995        -0.400         0.498         1.198         0.001         0.314         1.297         1.000         0.000         0.000         0.000
 230         1.250        47.450       713.797        -0.400         0.442         1.198         0.001         0.232         1.240         1.000         0.000         0.000         0.000
 231         1.250        47.949       715.812        -0.400         0.571         1.198         0.001         0.425         1.370         1.000         0.000         0.000         0.000
 232         1.750        37.949       736.760        -0.400         0.608         1.198         0.001         0.182         1.407         1.100         0.000         0.000         0.000
 233         1.750        38.450       739.428        -0.400         0.535         1.198         0.001        -0.033         1.334         1.100         0.000         0.000         0.000
 234         1.750        38.949       741.333        -0.400         0.651         1.198         0.001         0.299         1.450         1.100         0.000         0.000         0.000
 235         1.750        39.450       743.168        -0.400         0.589         1.198         0.001         0.111         1.388         1.100         0.000         0.000         0.000
 236         1.750        39.950       745.075        -0.400         0.555         1.198         0.001        -0.249         1.354         1.100         0.000         0.000         0.000
 237         1.750        40.450       747.845        -0.400         0.635         1.198         0.000         0.174         1.434         1.100         0.000         0.000         0.000
 238         1.750        40.950       749.858        -0.400         0.677         1.198         0.000         0.116         1.475         1.100         0.000         0.000         0.000
 239         1.750        41.450       751.777        -0.400         0.580         1.198         0.000        -0.134         1.378         1.100         0.000         0.000         0.000
 240         1.750        41.950       753.795        -0.400         0.588         1.198         0.000         0.247         1.386         1.000         0.000         0.000         0.000
 241         1.750        42.450       755.708        -0.400         0.440         1.198         0.001         0.216         1.239         1.100         0.000         0.000         0.000
 242         1.750        42.950       757.733        -0.400         0.511         1.198         0.001         0.271         1.309         1.000         0.000         0.000         0.000
 243         1.750        43.449       760.512        -0.400         0.511         1.198         0.000         0.564         1.310         1.000         0.000         0.000         0.000
 244         1.750        43.950       762.530        -0.400         0.518         1.198         0.001         0.248         1.317         1.000         0.000         0.000         0.000
 245         1.750        44.450       765.313        -0.400         0.392         1.198         0.000         0.118         1.190         1.000         0.000         0.000         0.000
 246         1.750        44.949       767.443        -0.400         0.277         1.198         0.000         0.396         1.075         1.000         0.000         0.000         0.000
 247         1.750        45.450       769.358        -0.400         0.484         1.198         0.000         0.102         1.283         1.000         0.000         0.000         0.000
 248         1.750        45.949       771.369        -0.400         0.360         1.198         0.000         0.266         1.158         1.000         0.000         0.000         0.000
 249         1.750        46.450       774.161        -0.400         0.377         1.198         0.000         0.023         1.175         1.000         0.000         0.000         0.000
 250         1.750        46.949       776.188        -0.400         0.615         1.198         0.000         0.224         1.413         1.000         0.000         0.000         0.000
 251         1.750        47.450       778.981        -0.400         0.627         1.198         0.001         0.232         1.425         1.000         0.000         0.000         0.000
huber_x: back at 1.2499749999999779 (start 1.249964999999989)
huber_y: back at 42.949490000000004 (start 42.94952000000001)

^C  Scan aborted at point 251/441.
Scan file closed (aborted, 251 points): /gdata/dm/8ID/8IDE/2026-3/pope202609/data/bluesky/A0028_G10_a0001.csv
[full] done 794s -> /gdata/dm/8ID/8IDE/2026-3/pope202609/data/bluesky/A0028_G10_a0001.csv
[full] x=1.2501 y=42.9495
