I Wed-19:05:24.549: **************************************** Bluesky Startup
I Wed-19:05:27.719: NumExpr defaulting to 8 threads.
[dac] 57 devices; skipped: none
[dac] SNAPSHOT {"huber_x": 1.2499899999999826, "huber_y": 42.949795, "huber_x_HLM": 6.75, "huber_y_HLM": 48.5, "shutter": "Closed", "attenuation": 1.0, "measurement_num": 25, "tetramm1_current3": 0.912694490433671}
[dac] shutter forced closed -> Closed
[dac] starting dmesh +/-2mm, 0.25mm step, 17x17
save_img=0: no .h5 will be written; scan file is A0025_G10_a0001.csv
NOTE: header lines skipped (not available): roi1, roi2, roi3, roi4
NOTE: columns skipped (not available): {det}_stats4_total, {det}_stats3_total, {det}_stats2_total, {det}_stats1_total
Scan file: /gdata/dm/8ID/8IDE/2026-3/pope202609/data/bluesky/A0025_G10_a0001.csv
   #       huber_x       huber_y  elapsed_time .mm1_current1 .mm1_current2 .mm1_current3 .mm1_current4 .amm3_sum_all .amm1_sum_all pcd1_pressure pcd1_setpoint pcd2_pressure pcd2_setpoint
   1        -0.750        40.950         5.300        -0.400         0.252         1.196         0.001        -0.074         1.049         1.100         0.000         0.000         0.000
   2        -0.750        41.200         7.359        -0.400         0.296         1.196         0.000         0.259         1.092         1.100         0.000         0.000         0.000
   3        -0.750        41.450         8.655        -0.400         0.354         1.196         0.000         0.052         1.150         1.100         0.000         0.000         0.000
   4        -0.750        41.700        10.039        -0.400         0.332         1.196         0.000         0.143         1.128         1.100         0.000         0.000         0.000
   5        -0.750        41.950        11.425        -0.400         0.288         1.196         0.000        -0.306         1.084         1.100         0.000         0.000         0.000
   6        -0.750        42.200        13.266        -0.400         0.472         1.196         0.000         0.261         1.268         1.100         0.000         0.000         0.000
   7        -0.750        42.450        14.544        -0.400         0.474         1.196         0.000         0.395         1.270         1.100         0.000         0.000         0.000
   8        -0.750        42.700        16.599        -0.400         0.514         1.196         0.000        -0.052         1.310         1.100         0.000         0.000         0.000
   9        -0.750        42.950        18.107        -0.400         0.475         1.196         0.000         0.116         1.271         1.100         0.000         0.000         0.000
  10        -0.750        43.200        20.057        -0.400         0.405         1.196         0.000         0.186         1.202         1.100         0.000         0.000         0.000
  11        -0.750        43.450        21.341        -0.400         0.508         1.196         0.000         0.111         1.304         1.000         0.000         0.000         0.000
  12        -0.750        43.700        22.960        -0.400         0.439         1.196         0.000         0.083         1.236         1.000         0.000         0.000         0.000
  13        -0.750        43.950        24.235        -0.400         0.497         1.196         0.000         0.143         1.293         1.000         0.000         0.000         0.000
  14        -0.750        44.200        26.530        -0.400         0.505         1.196         0.000         0.052         1.301         1.000         0.000         0.000         0.000
  15        -0.750        44.450        28.822        -0.400         0.360         1.196         0.000         0.019         1.156         1.000         0.000         0.000         0.000
  16        -0.750        44.700        30.111        -0.400         0.397         1.196         0.001         0.469         1.194         1.000         0.000         0.000         0.000
  17        -0.750        44.950        31.612        -0.400         0.450         1.196         0.000         0.117         1.247         1.000         0.000         0.000         0.000
  18        -0.500        40.950        41.125        -0.400         0.338         1.196         0.000        -0.197         1.134         1.100         0.000         0.000         0.000
  19        -0.500        41.200        43.306        -0.400         0.250         1.196         0.000        -0.066         1.046         1.100         0.000         0.000         0.000
  20        -0.500        41.450        45.363        -0.400         0.321         1.196         0.000        -0.069         1.118         1.100         0.000         0.000         0.000
  21        -0.500        41.700        47.310        -0.400         0.353         1.196         0.000         0.124         1.149         1.100         0.000         0.000         0.000
  22        -0.500        41.950        48.718        -0.400         0.282         1.196         0.000         0.045         1.079         1.100         0.000         0.000         0.000
  23        -0.500        42.200        50.549        -0.400         0.303         1.196         0.000        -0.200         1.099         1.100         0.000         0.000         0.000
  24        -0.500        42.450        51.834        -0.400         0.454         1.196         0.000         0.025         1.250         1.100         0.000         0.000         0.000
  25        -0.500        42.700        53.226        -0.400         0.290         1.196         0.000        -0.010         1.087         1.100         0.000         0.000         0.000
  26        -0.500        42.950        54.852        -0.400         0.271         1.196         0.000        -0.032         1.067         1.100         0.000         0.000         0.000
  27        -0.500        43.200        56.795        -0.400         0.422         1.196         0.000        -0.023         1.219         1.100         0.000         0.000         0.000
  28        -0.500        43.450        58.076        -0.400         0.325         1.196         0.000         0.073         1.122         1.100         0.000         0.000         0.000
  29        -0.500        43.700        59.669        -0.400         0.371         1.196         0.000         0.151         1.167         1.100         0.000         0.000         0.000
  30        -0.500        43.950        60.955        -0.400         0.323         1.196         0.000        -0.017         1.119         1.100         0.000         0.000         0.000
  31        -0.500        44.200        63.223        -0.400         0.404         1.196         0.000         0.128         1.200         1.100         0.000         0.000         0.000
  32        -0.500        44.450        65.503        -0.400         0.521         1.196         0.000        -0.020         1.317         1.100         0.000         0.000         0.000
  33        -0.500        44.700        67.796        -0.400         0.253         1.196         0.000         0.233         1.049         1.100         0.000         0.000         0.000
  34        -0.500        44.950        69.416        -0.400         0.213         1.196         0.000         0.362         1.009         1.100         0.000         0.000         0.000
  35        -0.250        40.950        78.147        -0.400         0.351         1.196         0.000         0.152         1.148         1.100         0.000         0.000         0.000
  36        -0.250        41.200        80.097        -0.400         0.248         1.196         0.000         0.221         1.044         1.100         0.000         0.000         0.000
  37        -0.250        41.450        82.176        -0.400         0.565         1.196         0.000         0.327         1.361         1.100         0.000         0.000         0.000
  38        -0.250        41.700        84.120        -0.400         0.420         1.196         0.000         0.333         1.216         1.000         0.000         0.000         0.000
  39        -0.250        41.950        85.513        -0.400         0.510         1.196         0.000        -0.006         1.306         1.000         0.000         0.000         0.000
  40        -0.250        42.200        87.241        -0.400         0.405         1.196         0.000         0.229         1.202         1.000         0.000         0.000         0.000
  41        -0.250        42.450        88.528        -0.400         0.437         1.196         0.000         0.027         1.233         1.000         0.000         0.000         0.000
  42        -0.250        42.700        90.575        -0.400         0.458         1.196         0.000         0.039         1.255         1.000         0.000         0.000         0.000
  43        -0.250        42.950        92.085        -0.400         0.541         1.196         0.000         0.201         1.337         1.000         0.000         0.000         0.000
  44        -0.250        43.200        94.033        -0.400         0.521         1.196         0.000         0.058         1.318         1.000         0.000         0.000         0.000
  45        -0.250        43.450        95.337        -0.400         0.597         1.196         0.000        -0.089         1.393         1.000         0.000         0.000         0.000
  46        -0.250        43.700        96.949        -0.400         0.539         1.196         0.000         0.145         1.335         1.000         0.000         0.000         0.000
  47        -0.250        43.950        98.233        -0.400         0.462         1.196         0.000         0.147         1.258         1.000         0.000         0.000         0.000
  48        -0.250        44.200       100.534        -0.400         0.457         1.196         0.000         0.162         1.253         1.000         0.000         0.000         0.000
  49        -0.250        44.450       102.806        -0.400         0.453         1.196         0.000        -0.138         1.250         1.000         0.000         0.000         0.000
  50        -0.250        44.700       104.071        -0.400         0.522         1.196         0.000         0.221         1.318         1.000         0.000         0.000         0.000
  51        -0.250        44.950       105.580        -0.400         0.479         1.196         0.000         0.126         1.275         1.100         0.000         0.000         0.000
  52        -0.000        40.950       114.316        -0.400         0.461         1.196         0.000         0.301         1.257         1.100         0.000         0.000         0.000
  53        -0.000        41.200       116.257        -0.400         0.528         1.196         0.000         0.114         1.324         1.100         0.000         0.000         0.000
  54        -0.000        41.450       117.529        -0.400         0.535         1.196         0.000         0.016         1.331         1.100         0.000         0.000         0.000
  55        -0.000        41.700       118.928        -0.400         0.546         1.196         0.000        -0.102         1.342         1.100         0.000         0.000         0.000
  56        -0.000        41.950       120.315        -0.400         0.514         1.196         0.000         0.177         1.310         1.100         0.000         0.000         0.000
  57         0.000        42.200       122.066        -0.400         0.535         1.196         0.000         0.181         1.332         1.100         0.000         0.000         0.000
  58        -0.000        42.450       123.341        -0.400         0.505         1.196         0.001         0.159         1.301         1.100         0.000         0.000         0.000
  59        -0.000        42.700       125.394        -0.401         0.523         1.196         0.000         0.070         1.319         1.100         0.000         0.000         0.000
  60        -0.000        42.950       126.901        -0.400         0.603         1.196         0.000         0.125         1.399         1.100         0.000         0.000         0.000
  61        -0.000        43.200       128.732        -0.400         0.591         1.196         0.000        -0.031         1.388         1.100         0.000         0.000         0.000
  62        -0.000        43.450       130.009        -0.400         0.462         1.196         0.000         0.262         1.258         1.100         0.000         0.000         0.000
  63        -0.000        43.700       131.614        -0.400         0.445         1.196         0.000         0.227         1.242         1.100         0.000         0.000         0.000
  64        -0.000        43.950       132.894        -0.400         0.364         1.196         0.001         0.356         1.161         1.100         0.000         0.000         0.000
  65        -0.000        44.200       135.201        -0.400         0.563         1.196         0.000         0.131         1.360         1.100         0.000         0.000         0.000
  66        -0.000        44.450       137.483        -0.400         0.439         1.196         0.001         0.126         1.235         1.100         0.000         0.000         0.000
  67        -0.000        44.700       139.762        -0.400         0.400         1.196         0.000         0.320         1.196         1.100         0.000         0.000         0.000
  68        -0.000        44.950       141.380        -0.400         0.527         1.196         0.000        -0.000         1.323         1.100         0.000         0.000         0.000
  69         0.250        40.950       150.991        -0.400         0.391         1.196         0.001         0.194         1.187         1.100         0.000         0.000         0.000
  70         0.250        41.200       152.281        -0.400         0.604         1.196         0.000         0.142         1.400         1.100         0.000         0.000         0.000
  71         0.250        41.450       153.567        -0.400         0.333         1.196         0.000         0.010         1.130         1.100         0.000         0.000         0.000
  72         0.250        41.700       154.963        -0.400         0.433         1.196         0.000         0.061         1.229         1.100         0.000         0.000         0.000
  73         0.250        41.950       156.349        -0.400         0.452         1.196         0.000         0.164         1.249         1.100         0.000         0.000         0.000
  74         0.250        42.200       158.087        -0.400         0.451         1.196         0.000         0.046         1.248         1.100         0.000         0.000         0.000
  75         0.250        42.450       159.381        -0.400         0.462         1.196         0.000         0.017         1.259         1.100         0.000         0.000         0.000
  76         0.250        42.700       161.428        -0.400         0.508         1.196         0.000         0.088         1.305         1.100         0.000         0.000         0.000
  77         0.250        42.950       162.925        -0.400         0.410         1.196         0.000         0.035         1.206         1.100         0.000         0.000         0.000
  78         0.250        43.200       164.770        -0.400         0.399         1.196         0.000         0.011         1.196         1.000         0.000         0.000         0.000
  79         0.250        43.450       166.062        -0.400         0.287         1.196         0.000        -0.105         1.083         1.000         0.000         0.000         0.000
  80         0.250        43.700       167.684        -0.400         0.439         1.196         0.000         0.054         1.235         1.000         0.000         0.000         0.000
  81         0.250        43.950       168.968        -0.400         0.631         1.196         0.000         0.107         1.428         1.000         0.000         0.000         0.000
  82         0.250        44.200       171.255        -0.400         0.403         1.196         0.000        -0.108         1.199         1.000         0.000         0.000         0.000
  83         0.250        44.450       172.539        -0.400         0.626         1.196         0.000        -0.085         1.423         1.000         0.000         0.000         0.000
  84         0.250        44.700       174.155        -0.400         0.496         1.196         0.000        -0.015         1.292         1.000         0.000         0.000         0.000
  85         0.250        44.950       175.776        -0.400         0.460         1.196         0.000        -0.207         1.256         1.000         0.000         0.000         0.000
  86         0.500        40.950       185.406        -0.400         0.414         1.196         0.000         0.070         1.211         1.000         0.000         0.000         0.000
  87         0.500        41.200       187.452        -0.400         0.498         1.196         0.000        -0.016         1.295         1.000         0.000         0.000         0.000
  88         0.500        41.450       188.729        -0.400         0.523         1.197         0.000         0.101         1.320         1.000         0.000         0.000         0.000
  89         0.500        41.700       190.134        -0.400         0.585         1.196         0.000        -0.113         1.381         1.000         0.000         0.000         0.000
  90         0.500        41.950       191.536        -0.400         0.531         1.196         0.000         0.136         1.327         1.000         0.000         0.000         0.000
  91         0.500        42.200       193.374        -0.400         0.510         1.196         0.000         0.280         1.307         1.000         0.000         0.000         0.000
  92         0.500        42.450       194.664        -0.400         0.426         1.196         0.000         0.326         1.223         1.000         0.000         0.000         0.000
  93         0.500        42.700       196.709        -0.400         0.525         1.196         0.000         0.621         1.321         1.000         0.000         0.000         0.000
  94         0.500        42.950       198.199        -0.400         0.489         1.196         0.000         0.116         1.285         1.000         0.000         0.000         0.000
  95         0.500        43.200       200.024        -0.400         0.493         1.196         0.000         0.271         1.290         1.100         0.000         0.000         0.000
  96         0.500        43.450       201.293        -0.400         0.448         1.197         0.000         0.204         1.245         1.000         0.000         0.000         0.000
  97         0.500        43.700       202.888        -0.400         0.372         1.196         0.000         0.274         1.169         1.100         0.000         0.000         0.000
  98         0.500        43.950       204.170        -0.400         0.453         1.196         0.000         0.398         1.250         1.100         0.000         0.000         0.000
  99         0.500        44.200       206.427        -0.400         0.341         1.196         0.001         0.258         1.138         1.100         0.000         0.000         0.000
 100         0.500        44.450       207.708        -0.400         0.350         1.196         0.000         0.180         1.147         1.100         0.000         0.000         0.000
 101         0.500        44.700       209.313        -0.400         0.388         1.197         0.000         0.306         1.184         1.100         0.000         0.000         0.000
 102         0.500        44.950       210.931        -0.400         0.629         1.197         0.000         0.115         1.426         1.100         0.000         0.000         0.000
 103         0.750        40.950       220.653        -0.400         0.441         1.196         0.000         0.083         1.238         1.100         0.000         0.000         0.000
 104         0.750        41.200       222.685        -0.400         0.589         1.196         0.000         0.417         1.386         1.100         0.000         0.000         0.000
 105         0.750        41.450       223.964        -0.400         0.505         1.197         0.000         0.379         1.302         1.100         0.000         0.000         0.000
 106         0.750        41.700       225.355        -0.400         0.541         1.197         0.000         0.284         1.338         1.100         0.000         0.000         0.000
 107         0.750        41.950       226.749        -0.400         0.537         1.197         0.000         0.340         1.333         1.100         0.000         0.000         0.000
 108         0.750        42.200       228.476        -0.400         0.415         1.196         0.000         0.437         1.212         1.100         0.000         0.000         0.000
 109         0.750        42.450       229.759        -0.400         0.588         1.196         0.000         0.271         1.384         1.100         0.000         0.000         0.000
 110         0.750        42.700       231.854        -0.400         0.640         1.197         0.000         0.267         1.437         1.100         0.000         0.000         0.000
 111         0.750        42.950       233.354        -0.400         0.602         1.196         0.000         0.174         1.398         1.100         0.000         0.000         0.000
 112         0.750        43.200       235.304        -0.400         0.533         1.196         0.000         0.155         1.330         1.100         0.000         0.000         0.000
 113         0.750        43.450       236.592        -0.400         0.582         1.196         0.000         0.359         1.379         1.100         0.000         0.000         0.000
 114         0.750        43.700       238.879        -0.400         0.510         1.196         0.000         0.392         1.307         1.000         0.000         0.000         0.000
 115         0.750        43.950       241.050        -0.400         0.599         1.196         0.000         0.171         1.396         1.100         0.000         0.000         0.000
 116         0.750        44.200       242.326        -0.400         0.632         1.196         0.000         0.038         1.429         1.100         0.000         0.000         0.000
 117         0.750        44.450       244.595        -0.400         0.445         1.197         0.000         0.444         1.242         1.000         0.000         0.000         0.000
 118         0.750        44.700       246.886        -0.400         0.538         1.196         0.000         0.301         1.334         1.000         0.000         0.000         0.000
 119         0.750        44.950       248.501        -0.400         0.669         1.197         0.001         0.285         1.466         1.000         0.000         0.000         0.000
 120         1.000        40.950       258.114        -0.401         0.581         1.196         0.000         0.182         1.378         1.000         0.000         0.000         0.000
 121         1.000        41.200       260.186        -0.400         0.507         1.196         0.000         0.414         1.408         1.000         0.000         0.000         0.000
 122         1.000        41.450       261.472        -0.400         0.458         1.196         0.000         0.208         1.254         1.000         0.000         0.000         0.000
 123         1.000        41.700       262.864        -0.400         0.562         1.196         0.000         0.394         1.358         1.000         0.000         0.000         0.000
 124         1.000        41.950       264.273        -0.400         0.435         1.197         0.000         0.230         1.231         1.000         0.000         0.000         0.000
 125         1.000        42.200       266.012        -0.400         0.479         1.196         0.000         0.496         1.276         1.000         0.000         0.000         0.000
 126         1.000        42.450       267.282        -0.400         0.443         1.197         0.000         0.346         1.240         1.100         0.000         0.000         0.000
 127         1.000        42.700       269.337        -0.400         0.687         1.196         0.000         0.128         1.484         1.000         0.000         0.000         0.000
 128         1.000        42.950       270.853        -0.400         0.548         1.196         0.000         0.060         1.345         1.000         0.000         0.000         0.000
 129         1.000        43.200       272.808        -0.400         0.655         1.196         0.000         0.320         1.451         1.000         0.000         0.000         0.000
 130         1.000        43.450       274.094        -0.400         0.371         1.196         0.000         0.315         1.167         1.000         0.000         0.000         0.000
 131         1.000        43.700       276.371        -0.400         0.533         1.197         0.000         0.404         1.330         1.000         0.000         0.000         0.000
 132         1.000        43.950       278.565        -0.400         0.673         1.197         0.000         0.298         1.470         1.000         0.000         0.000         0.000
 133         1.000        44.200       279.835        -0.400         0.555         1.197         0.000         0.327         1.352         1.000         0.000         0.000         0.000
 134         1.000        44.450       282.133        -0.400         0.700         1.197         0.000         0.451         1.497         1.000         0.000         0.000         0.000
 135         1.000        44.700       284.411        -0.400         0.606         1.197         0.000         0.180         1.402         1.100         0.000         0.000         0.000
 136         1.000        44.950       286.016        -0.400         0.549         1.197         0.000         0.244         1.346         1.000         0.000         0.000         0.000
 137         1.250        40.950       295.672        -0.400         0.542         1.197         0.000         0.106         1.339         1.100         0.000         0.000         0.000
 138         1.250        41.200       297.742        -0.400         0.551         1.197         0.000         0.129         1.347         1.100         0.000         0.000         0.000
 139         1.250        41.450       299.792        -0.400         0.588         1.197         0.000         0.140         1.385         1.100         0.000         0.000         0.000
 140         1.250        41.700       301.738        -0.400         0.431         1.197         0.000         0.367         1.227         1.100         0.000         0.000         0.000
 141         1.250        41.950       303.146        -0.400         0.516         1.197         0.000         0.374         1.313         1.100         0.000         0.000         0.000
 142         1.250        42.200       304.883        -0.400         0.667         1.197         0.000         0.440         1.464         1.100         0.000         0.000         0.000
 143         1.250        42.450       306.190        -0.400         0.539         1.197         0.000         0.072         1.335         1.100         0.000         0.000         0.000
 144         1.250        42.700       308.387        -0.400         0.612         1.197         0.000         0.296         1.409         1.100         0.000         0.000         0.000
 145         1.250        42.950       309.886        -0.400         0.522         1.197         0.001         0.305         1.319         1.100         0.000         0.000         0.000
 146         1.250        43.200       311.838        -0.400         0.542         1.197         0.000         0.325         1.339         1.100         0.000         0.000         0.000
 147         1.250        43.450       313.129        -0.400         0.506         1.197         0.000         0.213         1.303         1.100         0.000         0.000         0.000
 148         1.250        43.700       314.737        -0.400         0.610         1.197         0.001        -0.027         1.408         1.100         0.000         0.000         0.000
 149         1.250        43.950       316.025        -0.400         0.574         1.197         0.001         0.274         1.371         1.100         0.000         0.000         0.000
 150         1.250        44.200       318.305        -0.400         0.533         1.197         0.001         0.248         1.330         1.100         0.000         0.000         0.000
 151         1.250        44.450       320.575        -0.400         0.555         1.197         0.000         0.228         1.352         1.100         0.000         0.000         0.000
 152         1.250        44.700       321.850        -0.400         0.552         1.197         0.000         0.131         1.349         1.100         0.000         0.000         0.000
 153         1.250        44.950       323.359        -0.400         0.707         1.197         0.001         0.259         1.504         1.100         0.000         0.000         0.000
 154         1.500        40.950       333.089        -0.400         0.672         1.197         0.000         0.227         1.469         1.100         0.000         0.000         0.000
 155         1.500        41.200       334.382        -0.400         0.680         1.197         0.000         0.154         1.477         1.100         0.000         0.000         0.000
 156         1.500        41.450       335.651        -0.400         0.612         1.197         0.000         0.424         1.409         1.100         0.000         0.000         0.000
 157         1.500        41.700       337.045        -0.400         0.617         1.197         0.000         0.356         1.414         1.100         0.000         0.000         0.000
 158         1.500        41.950       338.423        -0.400         0.501         1.197         0.000         0.202         1.298         1.100         0.000         0.000         0.000
 159         1.500        42.200       340.158        -0.400         0.512         1.197         0.001         0.201         1.309         1.100         0.000         0.000         0.000
 160         1.500        42.450       341.871        -0.400         0.471         1.197         0.001         0.190         1.268         1.100         0.000         0.000         0.000
 161         1.500        42.700       344.018        -0.400         0.459         1.197         0.000         0.268         1.256         1.100         0.000         0.000         0.000
 162         1.500        42.950       345.503        -0.400         0.442         1.197         0.001         0.365         1.240         1.100         0.000         0.000         0.000
 163         1.500        43.200       347.439        -0.400         0.238         1.197         0.000         0.402         1.035         1.100         0.000         0.000         0.000
 164         1.500        43.450       348.726        -0.400         0.340         1.197         0.000         0.331         1.137         1.100         0.000         0.000         0.000
 165         1.500        43.700       350.342        -0.400         0.479         1.197         0.000         0.261         1.275         1.100         0.000         0.000         0.000
 166         1.500        43.950       351.623        -0.400         0.512         1.197         0.000         0.089         1.309         1.100         0.000         0.000         0.000
 167         1.500        44.200       353.905        -0.400         0.378         1.197         0.000         0.343         1.175         1.100         0.000         0.000         0.000
 168         1.500        44.450       356.187        -0.400         0.621         1.197         0.000         0.304         1.417         1.100         0.000         0.000         0.000
 169         1.500        44.700       358.436        -0.400         0.398         1.197         0.000         0.244         1.195         1.100         0.000         0.000         0.000
 170         1.500        44.950       360.044        -0.400         0.555         1.197         0.000         0.132         1.352         1.100         0.000         0.000         0.000
 171         1.750        40.950       368.869        -0.400         0.321         1.197         0.000         0.173         1.118         1.100         0.000         0.000         0.000
 172         1.750        41.200       371.037        -0.400         0.529         1.197         0.000         0.202         1.326         1.100         0.000         0.000         0.000
 173         1.750        41.450       372.302        -0.400         0.536         1.196         0.000         0.220         1.333         1.000         0.000         0.000         0.000
 174         1.750        41.700       373.693        -0.400         0.391         1.197         0.000         0.030         1.231         1.000         0.000         0.000         0.000
 175         1.750        41.950       375.106        -0.400         0.524         1.197         0.000         0.180         1.320         1.000         0.000         0.000         0.000
 176         1.750        42.200       376.842        -0.400         0.449         1.197         0.001         0.278         1.246         1.100         0.000         0.000         0.000
 177         1.750        42.450       378.122        -0.400         0.452         1.197         0.000         0.279         1.249         1.000         0.000         0.000         0.000
 178         1.750        42.700       380.188        -0.400         0.393         1.197         0.000         0.612         1.190         1.000         0.000         0.000         0.000
 179         1.750        42.950       381.690        -0.400         0.504         1.197         0.000         0.369         1.301         1.000         0.000         0.000         0.000
 180         1.750        43.200       383.632        -0.400         0.493         1.197         0.000         0.515         1.290         1.000         0.000         0.000         0.000
 181         1.750        43.450       384.900        -0.400         0.356         1.197         0.000         0.384         1.153         1.000         0.000         0.000         0.000
 182         1.750        43.700       386.518        -0.400         0.210         1.197         0.000         0.514         1.007         1.000         0.000         0.000         0.000
 183         1.750        43.950       387.801        -0.400         0.421         1.197         0.000         0.305         1.218         1.000         0.000         0.000         0.000
 184         1.750        44.200       390.070        -0.400         0.366         1.197         0.000         0.167         1.163         1.000         0.000         0.000         0.000
 185         1.750        44.450       392.343        -0.400         0.543         1.197         0.000         0.333         1.340         1.000         0.000         0.000         0.000
 186         1.750        44.700       393.626        -0.400         0.648         1.197         0.000         0.317         1.446         1.000         0.000         0.000         0.000
 187         1.750        44.950       395.139        -0.400         0.642         1.197         0.000         0.242         1.439         1.000         0.000         0.000         0.000
 188         2.000        40.950       403.882        -0.400         0.616         1.197         0.000         0.207         1.413         1.100         0.000         0.000         0.000
 189         2.000        41.200       405.923        -0.400         0.521         1.197         0.000         0.284         1.318         1.100         0.000         0.000         0.000
 190         2.000        41.450       407.199        -0.400         0.375         1.197         0.000         0.278         1.173         1.100         0.000         0.000         0.000
 191         2.000        41.700       408.611        -0.400         0.548         1.197         0.000         0.393         1.345         1.100         0.000         0.000         0.000
 192         2.000        41.950       410.000        -0.400         0.585         1.197         0.000         0.406         1.382         1.100         0.000         0.000         0.000
 193         2.000        42.200       411.503        -0.400         0.529         1.197         0.001         0.372         1.327         1.100         0.000         0.000         0.000
 194         2.000        42.450       412.795        -0.400         0.431         1.197         0.001         0.323         1.228         1.100         0.000         0.000         0.000
 195         2.000        42.700       414.854        -0.400         0.424         1.197         0.001         0.242         1.221         1.100         0.000         0.000         0.000
 196         2.000        42.950       416.357        -0.400         0.610         1.197         0.001         0.621         1.407         1.100         0.000         0.000         0.000
 197         2.000        43.200       418.221        -0.400         0.398         1.197         0.000         0.458         1.196         1.100         0.000         0.000         0.000
 198         2.000        43.450       419.528        -0.400         0.517         1.197         0.001         0.343         1.314         1.100         0.000         0.000         0.000
 199         2.000        43.700       421.811        -0.400         0.490         1.197         0.000         0.113         1.349         1.100         0.000         0.000         0.000
 200         2.000        43.950       422.984        -0.400         0.628         1.197         0.000         0.302         1.426         1.100         0.000         0.000         0.000
 201         2.000        44.200       425.257        -0.400         0.697         1.197         0.001         0.444         1.494         1.100         0.000         0.000         0.000
 202         2.000        44.450       426.538        -0.400         0.576         1.197         0.001         0.218         1.373         1.100         0.000         0.000         0.000
 203         2.000        44.700       428.147        -0.400         0.549         1.197         0.001         0.062         1.346         1.100         0.000         0.000         0.000
 204         2.000        44.950       429.866        -0.400         0.555         1.197         0.000         0.449         1.353         1.100         0.000         0.000         0.000
 205         2.250        40.950       438.607        -0.400         0.557         1.197         0.001        -0.052         1.354         1.000         0.000         0.000         0.000
 206         2.250        41.200       440.674        -0.400         0.619         1.197         0.001         0.285         1.416         1.100         0.000         0.000         0.000
 207         2.250        41.450       441.961        -0.400         0.566         1.197         0.001         0.098         1.363         1.000         0.000         0.000         0.000
 208         2.250        41.700       443.371        -0.400         0.583         1.197         0.001         0.119         1.381         1.000         0.000         0.000         0.000
 209         2.250        41.950       444.758        -0.400         0.582         1.197         0.001         0.170         1.379         1.000         0.000         0.000         0.000
 210         2.250        42.200       446.492        -0.400         0.491         1.197         0.001         0.118         1.289         1.000         0.000         0.000         0.000
 211         2.250        42.450       447.770        -0.400         0.691         1.197         0.001         0.297         1.488         1.000         0.000         0.000         0.000
 212         2.250        42.700       449.822        -0.400         0.677         1.197         0.001         0.360         1.474         1.000         0.000         0.000         0.000
 213         2.250        42.950       451.320        -0.400         0.657         1.197         0.001         0.361         1.455         1.000         0.000         0.000         0.000
 214         2.250        43.200       453.267        -0.400         0.701         1.197         0.000         0.269         1.498         1.000         0.000         0.000         0.000
 215         2.250        43.450       454.570        -0.400         0.641         1.197         0.001         0.289         1.439         1.000         0.000         0.000         0.000
 216         2.250        43.700       456.187        -0.400         0.597         1.197         0.001         0.234         1.394         1.000         0.000         0.000         0.000
 217         2.250        43.950       457.463        -0.400         0.687         1.197         0.001         0.359         1.484         1.000         0.000         0.000         0.000
 218         2.250        44.200       458.736        -0.400         0.687         1.197         0.001         0.267         1.484         1.000         0.000         0.000         0.000
 219         2.250        44.450       460.024        -0.400         0.653         1.197         0.001         0.398         1.451         1.000         0.000         0.000         0.000
 220         2.250        44.700       461.641        -0.400         0.664         1.197         0.001         0.263         1.461         1.000         0.000         0.000         0.000
 221         2.250        44.950       463.379        -0.400         0.527         1.197         0.001         0.143         1.324         1.000         0.000         0.000         0.000
 222         2.500        40.950       473.021        -0.400         0.707         1.197         0.001         0.160         1.505         1.000         0.000         0.000         0.000
 223         2.500        41.200       475.069        -0.400         0.435         1.197         0.000        -0.067         1.232         1.000         0.000         0.000         0.000
 224         2.500        41.450       476.352        -0.400         0.466         1.197         0.000         0.250         1.263         1.000         0.000         0.000         0.000
 225         2.500        41.700       477.742        -0.400         0.845         1.197         0.001         0.180         1.643         1.100         0.000         0.000         0.000
 226         2.500        41.950       479.143        -0.400         0.454         1.197         0.000         0.251         1.252         1.000         0.000         0.000         0.000
 227         2.500        42.200       480.872        -0.400         0.538         1.197         0.000         0.093         1.335         1.100         0.000         0.000         0.000
 228         2.500        42.450       482.150        -0.400         0.563         1.197         0.000         0.164         1.360         1.100         0.000         0.000         0.000
 229         2.500        42.700       484.190        -0.400         0.664         1.197         0.000         0.169         1.461         1.100         0.000         0.000         0.000
 230         2.500        42.950       485.706        -0.400         0.535         1.197         0.000        -0.046         1.332         1.000         0.000         0.000         0.000
 231         2.500        43.200       487.542        -0.400         0.637         1.197         0.000         0.427         1.435         1.100         0.000         0.000         0.000
 232         2.500        43.450       488.834        -0.400         0.464         1.197         0.000         0.257         1.261         1.100         0.000         0.000         0.000
 233         2.500        43.700       490.445        -0.400         0.467         1.197         0.000         0.265         1.265         1.100         0.000         0.000         0.000
 234         2.500        43.950       491.714        -0.400         0.542         1.197         0.000         0.191         1.339         1.100         0.000         0.000         0.000
 235         2.500        44.200       492.990        -0.400         0.568         1.197         0.000         0.149         1.366         1.100         0.000         0.000         0.000
 236         2.500        44.450       494.279        -0.400         0.656         1.197         0.000         0.003         1.453         1.100         0.000         0.000         0.000
 237         2.500        44.700       495.892        -0.400         0.487         1.197         0.000         0.279         1.285         1.100         0.000         0.000         0.000
 238         2.500        44.950       497.600        -0.400         0.696         1.197         0.000         0.153         1.493         1.100         0.000         0.000         0.000
 239         2.750        40.950       506.419        -0.400         0.563         1.197         0.000         0.107         1.361         1.100         0.000         0.000         0.000
 240         2.750        41.200       508.479        -0.400         0.678         1.197         0.000         0.145         1.475         1.100         0.000         0.000         0.000
 241         2.750        41.450       509.756        -0.400         0.843         1.197         0.000         0.093         1.641         1.100         0.000         0.000         0.000
 242         2.750        41.700       511.150        -0.400         0.671         1.197         0.000         0.022         1.468         1.100         0.000         0.000         0.000
 243         2.750        41.950       512.551        -0.400         0.620         1.197         0.000         0.083         1.418         1.100         0.000         0.000         0.000
 244         2.750        42.200       514.182        -0.400         0.632         1.197         0.000         0.172         1.430         1.100         0.000         0.000         0.000
 245         2.750        42.450       515.847        -0.400         0.676         1.197         0.000         0.296         1.473         1.100         0.000         0.000         0.000
 246         2.750        42.700       517.883        -0.400         0.661         1.197         0.000         0.196         1.459         1.100         0.000         0.000         0.000
 247         2.750        42.950       519.388        -0.400         0.685         1.197         0.001         0.188         1.482         1.100         0.000         0.000         0.000
 248         2.750        43.200       521.214        -0.400         0.660         1.197         0.001         0.122         1.457         1.100         0.000         0.000         0.000
 249         2.750        43.450       522.461        -0.400         0.714         1.197         0.001        -0.110         1.511         1.100         0.000         0.000         0.000
 250         2.750        43.700       524.055        -0.400         0.709         1.197         0.001        -0.079         1.507         1.100         0.000         0.000         0.000
 251         2.750        43.950       525.360        -0.400         0.681         1.197         0.000         0.079         1.478         1.100         0.000         0.000         0.000
 252         2.750        44.200       526.676        -0.400         0.758         1.197         0.001         0.050         1.556         1.100         0.000         0.000         0.000
 253         2.750        44.450       527.956        -0.400         0.677         1.197         0.001         0.094         1.474         1.100         0.000         0.000         0.000
 254         2.750        44.700       529.590        -0.400         0.782         1.197         0.000         0.021         1.579         1.100         0.000         0.000         0.000
 255         2.750        44.950       531.321        -0.400         0.561         1.197         0.001        -0.190         1.358         1.100         0.000         0.000         0.000
 256         3.000        40.950       540.154        -0.400         0.537         1.197         0.000         0.013         1.334         1.100         0.000         0.000         0.000
 257         3.000        41.200       542.325        -0.400         0.657         1.197         0.000         0.001         1.454         1.100         0.000         0.000         0.000
 258         3.000        41.450       543.607        -0.400         0.725         1.197         0.001         0.134         1.523         1.100         0.000         0.000         0.000
 259         3.000        41.700       545.011        -0.400         0.463         1.197         0.000        -0.187         1.261         1.100         0.000         0.000         0.000
 260         3.000        41.950       546.399        -0.400         0.460         1.197         0.000        -0.184         1.258         1.100         0.000         0.000         0.000
 261         3.000        42.200       547.883        -0.400         0.504         1.197         0.000        -0.007         1.301         1.100         0.000         0.000         0.000
 262         3.000        42.450       549.616        -0.400         0.363         1.197         0.001        -0.167         1.161         1.100         0.000         0.000         0.000
 263         3.000        42.700       551.676        -0.400         0.505         1.197         0.000        -0.135         1.302         1.000         0.000         0.000         0.000
 264         3.000        42.950       553.178        -0.400         0.432         1.197         0.000         0.048         1.230         1.000         0.000         0.000         0.000
 265         3.000        43.200       555.017        -0.400         0.405         1.197         0.000         0.168         1.202         1.000         0.000         0.000         0.000
 266         3.000        43.450       556.309        -0.400         0.579         1.197         0.000         0.072         1.376         1.000         0.000         0.000         0.000
 267         3.000        43.700       557.912        -0.400         0.431         1.197         0.000        -0.016         1.228         1.000         0.000         0.000         0.000
 268         3.000        43.950       559.202        -0.400         0.594         1.197         0.000         0.280         1.392         1.000         0.000         0.000         0.000
 269         3.000        44.200       560.471        -0.400         0.501         1.197         0.000         0.173         1.298         1.000         0.000         0.000         0.000
 270         3.000        44.450       561.756        -0.400         0.584         1.197         0.000         0.135         1.381         1.000         0.000         0.000         0.000
 271         3.000        44.700       563.370        -0.400         0.532         1.197         0.000         0.021         1.329         1.000         0.000         0.000         0.000
 272         3.000        44.950       565.110        -0.400         0.489         1.197         0.000         0.285         1.286         1.000         0.000         0.000         0.000
 273         3.250        40.950       573.937        -0.400         0.666         1.197         0.000         0.113         1.463         1.000         0.000         0.000         0.000
 274         3.250        41.200       575.995        -0.400         0.805         1.197         0.000         0.302         1.602         1.000         0.000         0.000         0.000
 275         3.250        41.450       577.277        -0.400         0.697         1.197         0.000         0.375         1.494         1.000         0.000         0.000         0.000
 276         3.250        41.700       578.671        -0.400         0.689         1.197         0.000         0.067         1.487         1.000         0.000         0.000         0.000
 277         3.250        41.950       580.728        -0.400         0.808         1.197         0.000         0.183         1.605         1.000         0.000         0.000         0.000
 278         3.250        42.200       582.127        -0.400         0.678         1.197         0.000         0.208         1.476         1.000         0.000         0.000         0.000
 279         3.250        42.450       583.741        -0.400         0.779         1.197         0.000         0.349         1.576         1.000         0.000         0.000         0.000
 280         3.250        42.700       585.794        -0.400         0.521         1.197         0.000         0.243         1.319         1.000         0.000         0.000         0.000
 281         3.250        42.950       587.303        -0.400         0.573         1.197         0.000         0.246         1.370         1.000         0.000         0.000         0.000
 282         3.250        43.200       589.140        -0.400         0.646         1.197         0.000         0.190         1.443         1.100         0.000         0.000         0.000
 283         3.250        43.450       590.416        -0.400         0.586         1.197         0.000         0.187         1.384         1.000         0.000         0.000         0.000
 284         3.250        43.700       592.029        -0.400         0.590         1.198         0.000         0.289         1.387         1.100         0.000         0.000         0.000
 285         3.250        43.950       593.310        -0.400         0.604         1.197         0.000         0.146         1.402         1.100         0.000         0.000         0.000
 286         3.250        44.200       594.610        -0.400         0.511         1.198         0.000         0.126         1.309         1.100         0.000         0.000         0.000
 287         3.250        44.450       595.915        -0.400         0.595         1.197         0.000         0.229         1.392         1.100         0.000         0.000         0.000
 288         3.250        44.700       597.525        -0.400         0.595         1.197         0.000         0.290         1.392         1.100         0.000         0.000         0.000
 289         3.250        44.950       599.254        -0.400         0.574         1.197         0.000         0.106         1.372         1.100         0.000         0.000         0.000
huber_x: back at 1.2500149999999906 (start 1.2499949999999842)
huber_y: back at 42.94973 (start 42.949780000000004)
Scan file closed (success, 289 points): /gdata/dm/8ID/8IDE/2026-3/pope202609/data/bluesky/A0025_G10_a0001.csv
[dac] done in 607s -> /gdata/dm/8ID/8IDE/2026-3/pope202609/data/bluesky/A0025_G10_a0001.csv
[dac] shutter after scan -> Closed
[dac] huber.x=1.2500 huber.y=42.9497
