I Wed-19:45:50.069: **************************************** Bluesky Startup
I Wed-19:45:52.862: NumExpr defaulting to 8 threads.
from x=1.2502 y=42.9495
rel x -4.250..-1.750   rel y -2.249..+0.251   13x13 @ 0.208mm
pind=IN atten=1.0
save_img=0: no .h5 will be written; scan file is A0029_G10_a0001.csv
NOTE: header lines skipped (not available): roi1, roi2, roi3, roi4
NOTE: columns skipped (not available): {det}_stats4_total, {det}_stats3_total, {det}_stats2_total, {det}_stats1_total
Scan file: /gdata/dm/8ID/8IDE/2026-3/pope202609/data/bluesky/A0029_G10_a0001.csv
   #       huber_x       huber_y  elapsed_time .mm1_current1 .mm1_current2 .mm1_current3 .mm1_current4 .amm3_sum_all .amm1_sum_all pcd1_pressure pcd1_setpoint pcd2_pressure pcd2_setpoint
   1        -3.000        40.700         9.946        -0.400         0.663         1.198         0.001         0.446         1.462         1.100         0.000         0.000         0.000
   2        -3.000        40.908        11.468        -0.400         0.622         1.198         0.000         0.288         1.420         1.100         0.000         0.000         0.000
   3        -3.000        41.117        12.652        -0.400         0.668         1.198         0.001         0.268         1.466         1.100         0.000         0.000         0.000
   4        -3.000        41.325        13.840        -0.400         0.400         1.198         0.001         0.451         1.199         1.100         0.000         0.000         0.000
   5        -3.000        41.533        15.251        -0.400         0.392         1.198         0.000         0.458         1.191         1.000         0.000         0.000         0.000
   6        -3.000        41.742        16.549        -0.400         0.569         1.198         0.001         0.210         1.368         1.000         0.000         0.000         0.000
   7        -3.000        41.950        17.710        -0.400         0.494         1.198         0.001         0.340         1.293         1.000         0.000         0.000         0.000
   8        -3.000        42.158        18.888        -0.400         0.399         1.198         0.001         0.139         1.197         1.000         0.000         0.000         0.000
   9        -3.000        42.367        20.151        -0.400         0.434         1.198         0.001         0.154         1.233         1.000         0.000         0.000         0.000
  10        -3.000        42.575        21.336        -0.400         0.506         1.198         0.001         0.377         1.305         1.100         0.000         0.000         0.000
  11        -3.000        42.783        22.736        -0.400         0.414         1.198         0.001         0.350         1.213         1.000         0.000         0.000         0.000
  12        -3.000        42.992        23.923        -0.400         0.254         1.198         0.001         0.374         1.053         1.000         0.000         0.000         0.000
  13        -3.000        43.200        25.103        -0.400         0.185         1.198         0.000         0.357         0.983         1.000         0.000         0.000         0.000
  14        -2.792        40.700        30.833        -0.400         0.384         1.198         0.000         0.277         1.183         1.000         0.000         0.000         0.000
  15        -2.792        40.908        32.339        -0.400         0.420         1.198         0.001         0.108         1.218         1.000         0.000         0.000         0.000
  16        -2.792        41.117        33.527        -0.400         0.343         1.198         0.000         0.317         1.142         1.000         0.000         0.000         0.000
  17        -2.792        41.325        34.919        -0.400         0.465         1.198         0.000         0.377         1.263         1.000         0.000         0.000         0.000
  18        -2.792        41.533        36.434        -0.400         0.439         1.198         0.000         0.344         1.237         1.000         0.000         0.000         0.000
  19        -2.792        41.742        37.730        -0.400         0.460         1.198         0.001         0.073         1.259         1.000         0.000         0.000         0.000
  20        -2.792        41.950        38.944        -0.400         0.537         1.198         0.000         0.101         1.298         1.100         0.000         0.000         0.000
  21        -2.792        42.158        40.118        -0.400         0.566         1.198         0.001         0.138         1.365         1.100         0.000         0.000         0.000
  22        -2.792        42.367        41.410        -0.400         0.441         1.198         0.000         0.210         1.239         1.000         0.000         0.000         0.000
  23        -2.792        42.575        42.620        -0.400         0.519         1.198         0.001        -0.108         1.318         1.100         0.000         0.000         0.000
  24        -2.792        42.783        44.031        -0.400         0.368         1.198         0.000         0.218         1.166         1.000         0.000         0.000         0.000
  25        -2.792        42.992        45.219        -0.400         0.388         1.198         0.000         0.407         1.186         1.000         0.000         0.000         0.000
  26        -2.792        43.200        46.400        -0.400         0.351         1.198         0.000         0.363         1.149         1.000         0.000         0.000         0.000
huber_x: back at 1.250179999999986 (start 1.2502099999999814)
huber_y: back at 42.94938500000001 (start 42.949505)

^C  Scan aborted at point 26/169.
Scan file closed (aborted, 26 points): /gdata/dm/8ID/8IDE/2026-3/pope202609/data/bluesky/A0029_G10_a0001.csv
[fine] done 61s -> /gdata/dm/8ID/8IDE/2026-3/pope202609/data/bluesky/A0029_G10_a0001.csv
