I Wed-19:48:25.045: **************************************** Bluesky Startup
I Wed-19:48:27.684: NumExpr defaulting to 8 threads.
1. shutter -> Closed
2. attenuation -> 10859.4  (required >= 10000)
3. delta 10.000 -> 0 ; nu 0.0001 -> 0
   delta=0.0001  nu=0.0001
4. lambda2M roi1 origin=(730,983) size=100x10  stats1=0.0
5. mesh abs x -3.00..-0.50  y 40.70..43.20 (13x13 @ 0.208mm, 0.5s)
save_img=0: no .h5 will be written; scan file is A0030_G10_a10858.csv
Scan file: /gdata/dm/8ID/8IDE/2026-3/pope202609/data/bluesky/A0030_G10_a10858.csv
   #       huber_x       huber_y  elapsed_time .mm1_current1 .mm1_current2 .mm1_current3 .mm1_current4 .amm3_sum_all .amm1_sum_all pcd1_pressure pcd1_setpoint pcd2_pressure pcd2_setpoint .stats4_total .stats3_total .stats2_total .stats1_total
   1        -3.000        40.700        10.819        -0.400         0.503         1.198         0.000         0.347         1.302         1.000         0.000         0.000         0.000         0.000         0.000         0.000         0.000
   2        -3.000        40.908        12.447        -0.400         0.462         1.198         0.000         0.158         1.261         1.000         0.000         0.000         0.000         0.000         0.000         0.000         0.000
   3        -3.000        41.117        13.824        -0.400         0.535         1.198         0.000         0.485         1.334         1.000         0.000         0.000         0.000         0.000         0.000         0.000         0.000
   4        -3.000        41.325        15.192        -0.400         0.508         1.198         0.000         0.241         1.306         1.000         0.000         0.000         0.000         0.000         0.000         0.000         0.000
   5        -3.000        41.533        16.904        -0.400         0.479         1.198         0.000         0.597         1.278         1.000         0.000         0.000         0.000         0.000         0.000         0.000         0.000
   6        -3.000        41.742        18.401        -0.400         0.606         1.198         0.000         0.327         1.405         1.000         0.000         0.000         0.000         0.000         0.000         0.000         0.000
   7        -3.000        41.950        19.774        -0.400         0.441         1.198         0.000         0.281         1.239         1.000         0.000         0.000         0.000         0.000         0.000         0.000         0.000
   8        -3.000        42.158        21.145        -0.400         0.406         1.198         0.000         0.373         1.205         1.000         0.000         0.000         0.000         0.000         0.000         0.000         0.000
   9        -3.000        42.367        22.661        -0.400         0.455         1.198         0.000         0.455         1.253         1.000         0.000         0.000         0.000         0.000         0.000         0.000         0.000
  10        -3.000        42.575        24.019        -0.400         0.500         1.198         0.000         0.250         1.298         1.000         0.000         0.000         0.000         0.000         0.000         0.000         0.000
  11        -3.000        42.783        25.622        -0.400         0.521         1.198         0.000         0.176         1.319         1.000         0.000         0.000         0.000         0.000         0.000         0.000         0.000
  12        -3.000        42.992        27.012        -0.400         0.422         1.198         0.000         0.225         1.220         1.000         0.000         0.000         0.000         0.000         0.000         0.000         0.000
  13        -3.000        43.200        28.389        -0.400         0.381         1.198         0.000         0.177         1.179         1.000         0.000         0.000         0.000         0.000         0.000         0.000         0.000
  14        -2.792        40.700        34.327        -0.400         0.645         1.198         0.000         0.422         1.443         1.000         0.000         0.000         0.000         0.000         0.000         0.000         0.000
  15        -2.792        40.908        36.158        -0.400         0.509         1.198         0.000         0.167         1.307         1.000         0.000         0.000         0.000         0.000         0.000         0.000         0.000
  16        -2.792        41.117        37.538        -0.400         0.562         1.198         0.000         0.129         1.360         1.000         0.000         0.000         0.000         0.000         0.000         0.000         0.000
  17        -2.792        41.325        38.922        -0.400         0.482         1.198         0.000         0.107         1.280         1.000         0.000         0.000         0.000         0.000         0.000         0.000         0.000
  18        -2.792        41.533        40.525        -0.400         0.625         1.198         0.000         0.202         1.423         1.000         0.000         0.000         0.000         0.000         0.000         0.000         1.000
  19        -2.792        41.742        42.023        -0.400         0.525         1.198         0.001         0.146         1.324         1.000         0.000         0.000         0.000         0.000         0.000         0.000         0.000
  20        -2.792        41.950        43.414        -0.400         0.548         1.198         0.000        -0.092         1.347         1.000         0.000         0.000         0.000         0.000         0.000         0.000         0.000
  21        -2.792        42.158        44.814        -0.400         0.440         1.198         0.000         0.111         1.238         1.000         0.000         0.000         0.000         0.000         0.000         0.000         0.000
  22        -2.792        42.367        46.292        -0.400         0.468         1.198         0.000         0.250         1.266         1.000         0.000         0.000         0.000         0.000         0.000         0.000         0.000
  23        -2.792        42.575        47.674        -0.400         0.396         1.198         0.001         0.255         1.194         1.000         0.000         0.000         0.000         0.000         0.000         0.000         0.000
  24        -2.792        42.783        49.266        -0.400         0.420         1.198         0.000         0.180         1.218         1.000         0.000         0.000         0.000         0.000         0.000         0.000         0.000
  25        -2.792        42.992        50.638        -0.400         0.394         1.198         0.000         0.115         1.192         1.000         0.000         0.000         0.000         0.000         0.000         0.000         0.000
  26        -2.792        43.200        52.031        -0.400         0.425         1.198         0.000         0.210         1.224         1.000         0.000         0.000         0.000         0.000         0.000         0.000         0.000
  27        -2.583        40.700        58.963        -0.400         0.404         1.198         0.000         0.089         1.203         1.000         0.000         0.000         0.000         0.000         0.000         0.000         0.000
  28        -2.583        40.908        60.566        -0.400         0.475         1.198         0.000         0.224         1.274         1.000         0.000         0.000         0.000         0.000         0.000         0.000         0.000
  29        -2.583        41.117        61.954        -0.400         0.494         1.198         0.000         0.220         1.292         1.000         0.000         0.000         0.000         0.000         0.000         0.000         0.000
  30        -2.583        41.325        63.346        -0.400         0.471         1.198         0.000         0.169         1.270         1.000         0.000         0.000         0.000         0.000         0.000        23.000        24.000
  31        -2.583        41.533        64.815        -0.400         0.457         1.198         0.000         0.249         1.255         1.100         0.000         0.000         0.000         0.000         0.000       702.000       715.000
  32        -2.583        41.742        66.305        -0.400         0.469         1.198         0.001         0.141         1.268         1.000         0.000         0.000         0.000         0.000         0.000       470.000       381.000
  33        -2.583        41.950        67.686        -0.400         0.409         1.198         0.000         0.202         1.207         1.000         0.000         0.000         0.000         0.000         0.000        10.000         1.000
  34        -2.583        42.158        69.069        -0.400         0.443         1.198         0.000         0.082         1.242         1.000         0.000         0.000         0.000         0.000         0.000         0.000         0.000
  35        -2.583        42.367        70.562        -0.400         0.261         1.198         0.000         0.124         1.059         1.000         0.000         0.000         0.000         0.000         0.000         0.000         0.000
  36        -2.583        42.575        71.948        -0.400         0.473         1.198         0.000         0.148         1.271         1.000         0.000         0.000         0.000         0.000         0.000         0.000         0.000
  37        -2.583        42.783        73.546        -0.400         0.417         1.198         0.000         0.151         1.215         1.000         0.000         0.000         0.000         0.000         0.000         0.000         0.000
  38        -2.583        42.992        74.927        -0.400         0.469         1.198         0.000         0.204         1.268         1.000         0.000         0.000         0.000         0.000         0.000         0.000         0.000
  39        -2.583        43.200        76.311        -0.400         0.574         1.198         0.000         0.116         1.373         1.000         0.000         0.000         0.000         0.000         0.000         0.000         0.000
  40        -2.375        40.700        82.265        -0.400         0.372         1.198         0.000         0.257         1.170         1.000         0.000         0.000         0.000         0.000         0.000         0.000         0.000
  41        -2.375        40.908        84.060        -0.400         0.474         1.198         0.000         0.331         1.272         1.000         0.000         0.000         0.000         0.000         0.000         0.000         0.000
  42        -2.375        41.117        85.555        -0.400         0.470         1.198         0.000         0.360         1.269         1.000         0.000         0.000         0.000         0.000         0.000         0.000         0.000
  43        -2.375        41.325        86.926        -0.400         0.399         1.198         0.000         0.233         1.198         1.000         0.000         0.000         0.000         0.000         0.000      1007.000      1007.000
  44        -2.375        41.533        88.527        -0.400         0.387         1.198         0.001         0.203         1.186         1.000         0.000         0.000         0.000         2.000         0.000    750078.000    744947.000
  45        -2.375        41.742        89.999        -0.400         0.572         1.198         0.000        -0.049         1.370         1.000         0.000         0.000         0.000         0.000         1.000    719537.000    712800.000
  46        -2.375        41.950        91.374        -0.400         0.409         1.198         0.000         0.095         1.208         1.000         0.000         0.000         0.000         0.000         0.000      5205.000      3735.000
  47        -2.375        42.158        92.744        -0.400         0.363         1.198         0.000         0.273         1.161         1.000         0.000         0.000         0.000         0.000         0.000        84.000         6.000
  48        -2.375        42.367        94.230        -0.400         0.460         1.198         0.000         0.249         1.258         1.000         0.000         0.000         0.000         0.000         0.000         0.000         1.000
  49        -2.375        42.575        95.614        -0.400         0.501         1.198         0.001         0.204         1.300         1.000         0.000         0.000         0.000         0.000         0.000         0.000         0.000
  50        -2.375        42.783        97.213        -0.400         0.544         1.198         0.000         0.020         1.343         1.000         0.000         0.000         0.000         0.000         0.000         0.000         0.000
  51        -2.375        42.992        98.596        -0.400         0.450         1.198         0.000        -0.061         1.248         1.000         0.000         0.000         0.000         0.000         0.000         0.000         0.000
  52        -2.375        43.200        99.987        -0.400         0.403         1.198         0.000         0.051         1.202         1.000         0.000         0.000         0.000         0.000         0.000         0.000         0.000
  53        -2.167        40.700       105.935        -0.400         0.428         1.198         0.000         0.259         1.226         1.100         0.000         0.000         0.000         0.000         0.000         0.000         0.000
  54        -2.167        40.908       107.764        -0.400         0.435         1.198         0.000         0.340         1.233         1.100         0.000         0.000         0.000         0.000         0.000         0.000         0.000
  55        -2.167        41.117       109.268        -0.400         0.365         1.198         0.000         0.254         1.164         1.100         0.000         0.000         0.000         0.000         0.000        48.000        45.000
  56        -2.167        41.325       110.644        -0.400         0.342         1.198         0.000         0.261         1.140         1.100         0.000         0.000         0.000         0.000         0.000      9456.000      9454.000
  57        -2.167        41.533       112.252        -0.400         0.271         1.198         0.000         0.226         1.069         1.100         0.000         0.000         0.000         0.000         0.000    132789.000    131205.000
  58        -2.167        41.742       113.783        -0.400         0.390         1.198         0.000         0.165         1.188         1.100         0.000         0.000         0.000         0.000         2.000    753520.000    749258.000
  59        -2.167        41.950       115.168        -0.400         0.324         1.198         0.000         0.446         1.122         1.100         0.000         0.000         0.000         1.000         0.000    706581.000    700760.000
  60        -2.167        42.158       116.544        -0.400         0.373         1.198         0.000         0.238         1.172         1.100         0.000         0.000         0.000         0.000         0.000    298641.000    281125.000
  61        -2.167        42.367       118.034        -0.400         0.487         1.198         0.000         0.127         1.285         1.100         0.000         0.000         0.000         0.000         0.000       195.000        50.000
  62        -2.167        42.575       119.410        -0.400         0.359         1.198         0.000         0.077         1.157         1.100         0.000         0.000         0.000         0.000         0.000         3.000         0.000
  63        -2.167        42.783       121.013        -0.400         0.398         1.198         0.000         0.406         1.196         1.100         0.000         0.000         0.000         0.000         0.000         0.000         0.000
  64        -2.167        42.992       122.388        -0.400         0.221         1.198         0.000         0.313         1.020         1.100         0.000         0.000         0.000         0.000         0.000         0.000         0.000
  65        -2.167        43.200       123.779        -0.400         0.326         1.198         0.001         0.398         1.125         1.100         0.000         0.000         0.000         0.000         0.000         0.000         0.000
  66        -1.958        40.700       130.606        -0.400         0.318         1.198         0.001         0.014         1.117         1.000         0.000         0.000         0.000         0.000         0.000         0.000         0.000
  67        -1.958        40.908       132.316        -0.400         0.170         1.198         0.000         0.147         0.968         1.000         0.000         0.000         0.000         0.000         0.000         0.000         0.000
  68        -1.958        41.117       133.823        -0.400         0.166         1.198         0.000         0.263         0.965         1.000         0.000         0.000         0.000         0.000         0.000         0.000         6.000
  69        -1.958        41.325       135.216        -0.400         0.225         1.198         0.000         0.337         1.023         1.000         0.000         0.000         0.000         0.000         0.000       234.000       360.000
  70        -1.958        41.533       136.708        -0.400         0.469         1.198         0.001         0.191         1.268         1.000         0.000         0.000         0.000         0.000         0.000    277926.000    279836.000
  71        -1.958        41.742       138.203        -0.400         0.258         1.198         0.000         0.165         1.056         1.000         0.000         0.000         0.000         0.000         0.000    747820.000    742435.000
  72        -1.958        41.950       139.579        -0.400         0.233         1.198         0.000         0.148         1.031         1.000         0.000         0.000         0.000         0.000         1.000    726985.000    721884.000
  73        -1.958        42.158       140.951        -0.400         0.276         1.198         0.000         0.176         1.074         1.000         0.000         0.000         0.000         0.000         0.000    585980.000    581128.000
  74        -1.958        42.367       142.465        -0.400         0.283         1.198         0.000         0.247         1.081         1.000         0.000         0.000         0.000         1.000         0.000    586432.000    581058.000
  75        -1.958        42.575       143.847        -0.400         0.397         1.198         0.000         0.325         1.195         1.000         0.000         0.000         0.000         0.000         0.000       884.000       392.000
  76        -1.958        42.783       145.466        -0.400         0.221         1.198         0.000         0.367         1.019         1.000         0.000         0.000         0.000         0.000         0.000         9.000         0.000
  77        -1.958        42.992       146.847        -0.400         0.370         1.198         0.000         0.234         1.169         1.000         0.000         0.000         0.000         0.000         0.000         0.000         0.000
  78        -1.958        43.200       148.231        -0.400         0.525         1.198         0.000         0.213         1.323         1.000         0.000         0.000         0.000         0.000         0.000         0.000         0.000
  79        -1.750        40.700       154.163        -0.400         0.218         1.198         0.000         0.340         1.016         1.000         0.000         0.000         0.000         0.000         0.000         0.000         0.000
  80        -1.750        40.908       155.972        -0.400         0.350         1.198         0.000         0.317         1.149         1.000         0.000         0.000         0.000         0.000         0.000         0.000         0.000
  81        -1.750        41.117       157.489        -0.400         0.217         1.198         0.000         0.174         1.016         1.100         0.000         0.000         0.000         0.000         0.000         0.000         0.000
  82        -1.750        41.325       158.882        -0.400         0.393         1.198         0.000         0.279         1.192         1.100         0.000         0.000         0.000         0.000         0.000         3.000        26.000
  83        -1.750        41.533       160.402        -0.400         0.357         1.198         0.000         0.061         1.156         1.100         0.000         0.000         0.000         0.000         0.000       118.000       521.000
  84        -1.750        41.742       161.881        -0.400         0.255         1.198         0.000         0.155         1.054         1.100         0.000         0.000         0.000         0.000         0.000     11762.000     12382.000
  85        -1.750        41.950       163.250        -0.400         0.379         1.198         0.000         0.321         1.177         1.100         0.000         0.000         0.000         0.000         0.000    580767.000    576110.000
  86        -1.750        42.158       164.637        -0.400         0.421         1.198         0.000         0.213         1.219         1.100         0.000         0.000         0.000         1.000         0.000    584766.000    580140.000
  87        -1.750        42.367       166.143        -0.400         0.270         1.198         0.001         0.259         1.069         1.100         0.000         0.000         0.000         0.000         0.000    584821.000    580060.000
  88        -1.750        42.575       167.527        -0.400         0.334         1.198         0.000         0.276         1.132         1.100         0.000         0.000         0.000         0.000         0.000    452233.000    447104.000
  89        -1.750        42.783       169.122        -0.400         0.384         1.198         0.000         0.078         1.183         1.100         0.000         0.000         0.000         0.000         0.000      3090.000      1982.000
  90        -1.750        42.992       170.530        -0.400         0.463         1.198         0.000        -0.111         1.261         1.100         0.000         0.000         0.000         0.000         0.000        47.000         2.000
  91        -1.750        43.200       171.900        -0.400         0.440         1.198         0.000         0.250         1.239         1.100         0.000         0.000         0.000         0.000         0.000         0.000         0.000
  92        -1.542        40.700       177.836        -0.400         0.366         1.198         0.001         0.213         1.165         1.000         0.000         0.000         0.000         0.000         0.000         0.000         0.000
  93        -1.542        40.908       179.646        -0.400         0.510         1.198         0.000         0.292         1.309         1.000         0.000         0.000         0.000         0.000         0.000         0.000         0.000
  94        -1.542        41.117       181.148        -0.400         0.477         1.198         0.001         0.366         1.276         1.000         0.000         0.000         0.000         0.000         0.000         0.000         0.000
  95        -1.542        41.325       182.527        -0.400         0.448         1.198         0.000         0.099         1.246         1.000         0.000         0.000         0.000         0.000         0.000         0.000         0.000
  96        -1.542        41.533       184.026        -0.400         0.466         1.198         0.001         0.397         1.265         1.000         0.000         0.000         0.000         0.000         0.000         1.000        21.000
  97        -1.542        41.742       185.492        -0.400         0.380         1.198         0.001         0.282         1.178         1.000         0.000         0.000         0.000         0.000         0.000        63.000       332.000
  98        -1.542        41.950       186.868        -0.400         0.563         1.198         0.001         0.538         1.362         1.000         0.000         0.000         0.000         0.000         0.000      4468.000      5140.000
  99        -1.542        42.158       188.255        -0.400         0.419         1.198         0.000         0.273         1.217         1.000         0.000         0.000         0.000         0.000         1.000    583464.000    579467.000
 100        -1.542        42.367       189.739        -0.400         0.402         1.198         0.001         0.315         1.201         1.000         0.000         0.000         0.000         1.000         0.000    585750.000    581147.000
 101        -1.542        42.575       191.128        -0.400         0.318         1.198         0.000         0.369         1.116         1.000         0.000         0.000         0.000         1.000         0.000    497335.000    492764.000
 102        -1.542        42.783       192.743        -0.400         0.467         1.198         0.001         0.395         1.266         1.000         0.000         0.000         0.000         0.000         0.000    478811.000    473255.000
 103        -1.542        42.992       194.113        -0.400         0.354         1.198         0.000         0.273         1.153         1.000         0.000         0.000         0.000         0.000         0.000     13658.000     12105.000
 104        -1.542        43.200       195.495        -0.400         0.475         1.198         0.001         0.277         1.273         1.000         0.000         0.000         0.000         0.000         0.000        37.000         0.000
 105        -1.333        40.700       201.436        -0.400         0.357         1.198         0.001         0.274         1.156         1.000         0.000         0.000         0.000         0.000         0.000         0.000         0.000
 106        -1.333        40.908       203.257        -0.400         0.188         1.198         0.001         0.286         0.987         1.000         0.000         0.000         0.000         0.000         0.000         0.000         0.000
 107        -1.333        41.117       204.641        -0.400         0.342         1.198         0.001         0.585         1.140         1.000         0.000         0.000         0.000         0.000         0.000         0.000         0.000
 108        -1.333        41.325       206.026        -0.400         0.470         1.198         0.001         0.496         1.269         1.000         0.000         0.000         0.000         0.000         0.000         0.000         0.000
 109        -1.333        41.533       207.744        -0.400         0.386         1.198         0.000         0.265         1.184         1.000         0.000         0.000         0.000         0.000         0.000         0.000         0.000
 110        -1.333        41.742       209.240        -0.400         0.128         1.198         0.000         0.459         0.927         1.000         0.000         0.000         0.000         0.000         0.000         0.000         8.000
 111        -1.333        41.950       210.627        -0.400         0.442         1.198         0.000         0.364         1.241         1.000         0.000         0.000         0.000         0.000         0.000        40.000       208.000
 112        -1.333        42.158       212.000        -0.400         0.468         1.198         0.000         0.436         1.267         1.000         0.000         0.000         0.000         0.000         0.000      2277.000      2914.000
 113        -1.333        42.367       213.488        -0.400         0.382         1.198         0.000         0.271         1.180         1.000         0.000         0.000         0.000         1.000         1.000    609301.000    605579.000
 114        -1.333        42.575       214.871        -0.400         0.353         1.198         0.000         0.248         1.151         1.000         0.000         0.000         0.000         2.000         0.000    533634.000    528416.000
 115        -1.333        42.783       216.483        -0.400         0.144         1.198         0.000         0.491         0.942         1.000         0.000         0.000         0.000         1.000         0.000    507062.000    501797.000
 116        -1.333        42.992       217.856        -0.400         0.215         1.198         0.000         0.507         1.014         1.000         0.000         0.000         0.000         0.000         0.000     27171.000     25412.000
 117        -1.333        43.200       219.233        -0.400         0.276         1.198         0.000         0.562         1.074         1.000         0.000         0.000         0.000         0.000         0.000        50.000         0.000
 118        -1.125        40.700       225.161        -0.400         0.300         1.198         0.000         0.152         1.099         1.100         0.000         0.000         0.000         0.000         0.000         0.000         0.000
 119        -1.125        40.908       226.982        -0.400         0.257         1.198         0.000         0.113         1.055         1.100         0.000         0.000         0.000         0.000         0.000         0.000         0.000
 120        -1.125        41.117       228.474        -0.400         0.360         1.198         0.001         0.227         1.158         1.100         0.000         0.000         0.000         0.000         0.000         0.000         0.000
 121        -1.125        41.325       229.840        -0.400         0.292         1.198         0.000         0.445         1.090         1.100         0.000         0.000         0.000         0.000         0.000         0.000         0.000
 122        -1.125        41.533       231.557        -0.400         0.406         1.198         0.000         0.545         1.204         1.100         0.000         0.000         0.000         0.000         0.000         0.000         0.000
 123        -1.125        41.742       233.042        -0.400         0.435         1.198         0.000         0.471         1.233         1.100         0.000         0.000         0.000         0.000         0.000         0.000         1.000
 124        -1.125        41.950       234.399        -0.400         0.353         1.198         0.000         0.513         1.152         1.100         0.000         0.000         0.000         0.000         0.000         0.000         3.000
 125        -1.125        42.158       235.796        -0.400         0.378         1.198         0.000         0.464         1.176         1.100         0.000         0.000         0.000         0.000         0.000        21.000        98.000
 126        -1.125        42.367       237.294        -0.400         0.372         1.198         0.000         0.272         1.170         1.100         0.000         0.000         0.000         0.000         0.000      1077.000      1598.000
 127        -1.125        42.575       238.682        -0.400         0.370         1.198         0.000         0.282         1.169         1.100         0.000         0.000         0.000         1.000         0.000    602846.000    599173.000
 128        -1.125        42.783       240.266        -0.400         0.415         1.198         0.000         0.116         1.213         1.100         0.000         0.000         0.000         0.000         0.000    164679.000    161667.000
 129        -1.125        42.992       241.630        -0.400         0.281         1.198         0.000         0.393         1.080         1.000         0.000         0.000         0.000         0.000         0.000       168.000       237.000
 130        -1.125        43.200       243.014        -0.400         0.187         1.198         0.000         0.431         0.985         1.100         0.000         0.000         0.000         0.000         0.000         0.000         0.000
 131        -0.917        40.700       248.954        -0.400         0.358         1.198         0.000         0.214         1.156         1.000         0.000         0.000         0.000         0.000         0.000         0.000         0.000
 132        -0.917        40.908       250.766        -0.400         0.256         1.198         0.001         0.191         1.055         1.000         0.000         0.000         0.000         0.000         0.000         0.000         0.000
 133        -0.917        41.117       252.254        -0.400         0.217         1.198         0.000         0.025         1.016         1.000         0.000         0.000         0.000         0.000         0.000         0.000         0.000
 134        -0.917        41.325       253.635        -0.400         0.500         1.198         0.000         0.254         1.299         1.000         0.000         0.000         0.000         0.000         0.000         0.000         0.000
 135        -0.917        41.533       255.241        -0.400         0.377         1.198         0.000         0.164         1.194         1.000         0.000         0.000         0.000         0.000         0.000         0.000         0.000
 136        -0.917        41.742       256.731        -0.400         0.406         1.198         0.000         0.413         1.205         1.000         0.000         0.000         0.000         0.000         0.000         0.000         0.000
 137        -0.917        41.950       258.122        -0.400         0.248         1.198         0.000         0.420         1.047         1.000         0.000         0.000         0.000         0.000         0.000         0.000         1.000
 138        -0.917        42.158       259.506        -0.400         0.313         1.198         0.000         0.216         1.111         1.000         0.000         0.000         0.000         0.000         0.000         0.000         0.000
 139        -0.917        42.367       260.995        -0.400         0.323         1.198         0.000         0.239         1.121         1.000         0.000         0.000         0.000         0.000         0.000         4.000        80.000
 140        -0.917        42.575       262.384        -0.400         0.334         1.198         0.000         0.225         1.132         1.000         0.000         0.000         0.000         0.000         0.000       100.000       647.000
 141        -0.917        42.783       263.974        -0.400         0.265         1.198         0.000         0.176         1.063         1.000         0.000         0.000         0.000         0.000         0.000        29.000       310.000
 142        -0.917        42.992       265.363        -0.400         0.245         1.198         0.000         0.248         1.043         1.000         0.000         0.000         0.000         0.000         0.000         0.000         0.000
 143        -0.917        43.200       266.750        -0.400         0.274         1.198         0.000         0.316         1.073         1.100         0.000         0.000         0.000         0.000         0.000         0.000         0.000
 144        -0.708        40.700       272.680        -0.400         0.419         1.198         0.000         0.019         1.217         1.100         0.000         0.000         0.000         0.000         0.000         0.000         0.000
 145        -0.708        40.908       274.504        -0.400         0.352         1.198         0.000         0.323         1.169         1.100         0.000         0.000         0.000         0.000         0.000         0.000         0.000
 146        -0.708        41.117       276.008        -0.400         0.322         1.198         0.000         0.155         1.120         1.100         0.000         0.000         0.000         0.000         0.000         0.000         0.000
 147        -0.708        41.325       277.389        -0.400         0.328         1.198         0.000         0.139         1.126         1.100         0.000         0.000         0.000         0.000         0.000         0.000         0.000
 148        -0.708        41.533       278.901        -0.400         0.382         1.198         0.000         0.174         1.181         1.100         0.000         0.000         0.000         0.000         0.000         0.000         0.000
 149        -0.708        41.742       280.383        -0.400         0.356         1.198         0.000         0.195         1.155         1.100         0.000         0.000         0.000         0.000         0.000         0.000         0.000
 150        -0.708        41.950       281.756        -0.400         0.387         1.198         0.000         0.153         1.186         1.100         0.000         0.000         0.000         0.000         0.000         0.000         0.000
 151        -0.708        42.158       283.148        -0.400         0.319         1.198         0.000         0.521         1.117         1.100         0.000         0.000         0.000         0.000         0.000         0.000         3.000
 152        -0.708        42.367       284.638        -0.400         0.406         1.198         0.000         0.465         1.205         1.100         0.000         0.000         0.000         0.000         0.000         0.000         0.000
 153        -0.708        42.575       286.021        -0.400         0.415         1.198         0.000         0.457         1.213         1.100         0.000         0.000         0.000         0.000         0.000         0.000         0.000
 154        -0.708        42.783       287.629        -0.400         0.473         1.198         0.000         0.432         1.272         1.000         0.000         0.000         0.000         0.000         0.000         0.000         1.000
 155        -0.708        42.992       289.020        -0.400         0.301         1.198         0.000         0.440         1.100         1.000         0.000         0.000         0.000         0.000         0.000         0.000         0.000
 156        -0.708        43.200       290.425        -0.400         0.369         1.198         0.000         0.365         1.167         1.000         0.000         0.000         0.000         0.000         0.000         0.000         0.000
 157        -0.500        40.700       296.363        -0.400         0.544         1.198         0.000         0.426         1.342         1.000         0.000         0.000         0.000         0.000         0.000         0.000         0.000
 158        -0.500        40.908       298.208        -0.400         0.336         1.198         0.000         0.284         1.134         1.000         0.000         0.000         0.000         0.000         0.000         0.000         0.000
 159        -0.500        41.117       299.593        -0.400         0.388         1.198         0.000         0.249         1.187         1.000         0.000         0.000         0.000         0.000         0.000         0.000         0.000
 160        -0.500        41.325       300.998        -0.400         0.401         1.198         0.000         0.339         1.200         1.000         0.000         0.000         0.000         0.000         0.000         0.000         0.000
 161        -0.500        41.533       302.480        -0.400         0.513         1.198         0.000         0.120         1.311         1.000         0.000         0.000         0.000         0.000         0.000         0.000         0.000
 162        -0.500        41.742       303.967        -0.400         0.571         1.198         0.000         0.321         1.369         1.000         0.000         0.000         0.000         0.000         0.000         0.000         0.000
 163        -0.500        41.950       305.338        -0.400         0.535         1.198         0.000         0.281         1.333         1.000         0.000         0.000         0.000         0.000         0.000         0.000         1.000
 164        -0.500        42.158       306.731        -0.400         0.674         1.198         0.000         0.527         1.472         1.000         0.000         0.000         0.000         0.000         0.000         0.000         0.000
 165        -0.500        42.367       308.202        -0.400         0.582         1.198         0.000         0.353         1.381         1.000         0.000         0.000         0.000         0.000         0.000         0.000         0.000
 166        -0.500        42.575       309.581        -0.400         0.582         1.198         0.000         0.416         1.380         1.000         0.000         0.000         0.000         0.000         0.000         0.000         0.000
 167        -0.500        42.783       311.191        -0.400         0.473         1.198         0.000         0.371         1.272         1.000         0.000         0.000         0.000         0.000         0.000         0.000         0.000
 168        -0.500        42.992       312.581        -0.400         0.436         1.198         0.000         0.225         1.235         1.000         0.000         0.000         0.000         0.000         0.000         0.000         0.000
 169        -0.500        43.200       313.948        -0.400         0.636         1.198         0.000         0.249         1.434         1.000         0.000         0.000         0.000         0.000         0.000         0.000         0.000
huber_x: back at 1.2502199999999846 (start 1.2502299999999877)
huber_y: back at 42.949195 (start 42.949325)
Scan file closed (success, 169 points): /gdata/dm/8ID/8IDE/2026-3/pope202609/data/bluesky/A0030_G10_a10858.csv
# images captured:  168
[lambda] done 322s -> /gdata/dm/8ID/8IDE/2026-3/pope202609/data/bluesky/A0030_G10_a10858.csv
[lambda] x=1.2502 y=42.9492 delta=0.0000
