I Wed-19:56:40.670: **************************************** Bluesky Startup
I Wed-19:56:43.363: NumExpr defaulting to 8 threads.
1. shutter Closed
2. delta -> 9.9999  (Lambda out of beam)
3. attenuation -> 1
4. pind -> IN
5. at aperture x=-2.1670 y=41.7420
save_img=0: no .h5 will be written; scan file is A0031_G10_a0001.csv
NOTE: header lines skipped (not available): roi1, roi2, roi3, roi4
NOTE: columns skipped (not available): {motor2}, {det}_stats4_total, {det}_stats3_total, {det}_stats2_total, {det}_stats1_total
Scan file: /gdata/dm/8ID/8IDE/2026-3/pope202609/data/bluesky/A0031_G10_a0001.csv
   #       huber_x  elapsed_time .mm1_current1 .mm1_current2 .mm1_current3 .mm1_current4 .amm3_sum_all .amm1_sum_all pcd1_pressure pcd1_setpoint pcd2_pressure pcd2_setpoint
   1        -3.667         4.216        -0.400         0.427         1.198         0.000         0.178         1.138         1.000         0.000         0.000         0.000
   2        -3.567         5.597        -0.400         0.348         1.198         0.000         0.215         1.146         1.100         0.000         0.000         0.000
   3        -3.467         6.765        -0.400         0.381         1.198         0.000         0.222         1.180         1.100         0.000         0.000         0.000
   4        -3.367         7.949        -0.400         0.491         1.198         0.000         0.126         1.290         1.100         0.000         0.000         0.000
   5        -3.267         9.241        -0.400         0.252         1.198         0.000        -0.064         1.050         1.000         0.000         0.000         0.000
   6        -3.167        10.531        -0.400         0.390         1.198         0.000        -0.016         1.188         1.100         0.000         0.000         0.000
   7        -3.067        11.822        -0.400         0.281         1.198         0.000        -0.010         1.079         1.000         0.000         0.000         0.000
   8        -2.967        13.112        -0.400         0.292         1.198         0.000        -0.035         1.090         1.100         0.000         0.000         0.000
   9        -2.867        14.518        -0.400         0.455         1.198         0.000         0.080         1.253         1.100         0.000         0.000         0.000
  10        -2.767        15.889        -0.400         0.398         1.198         0.000         0.005         1.196         1.100         0.000         0.000         0.000
  11        -2.667        17.274        -0.400         0.365         1.198         0.000         0.231         1.163         1.100         0.000         0.000         0.000
  12        -2.567        18.654        -0.400         0.361         1.198         0.000         0.219         1.160         1.000         0.000         0.000         0.000
  13        -2.467        19.939        -0.400         0.444         1.201         0.000         0.078         1.245         1.100         0.000         0.000         0.000
  14        -2.367        21.331        -0.400         0.465         1.281         0.000         0.142         1.346         1.100         0.000         0.000         0.000
  15        -2.267        22.620        -0.400         0.249        17.364         0.000         0.417        17.214         1.100         0.000         0.000         0.000
  16        -2.167        23.792        -0.400         0.379        16.906         0.000         0.379        16.885         1.100         0.000         0.000         0.000
  17        -2.067        24.965        -0.400         0.478        16.490         0.000         0.084        16.568         1.100         0.000         0.000         0.000
  18        -1.967        26.126        -0.400         0.398        16.252         0.000         0.475        16.250         1.100         0.000         0.000         0.000
  19        -1.867        27.213        -0.400         0.313        15.920         0.000         0.514        15.834         1.100         0.000         0.000         0.000
  20        -1.767        28.292        -0.400         0.394        15.794         0.000         0.306        15.789         1.100         0.000         0.000         0.000
  21        -1.667        29.368        -0.400         0.423        16.019         0.000         0.303        16.042         1.100         0.000         0.000         0.000
  22        -1.567        30.535        -0.400         0.525         1.305         0.000         0.335         1.431         1.100         0.000         0.000         0.000
  23        -1.467        31.614        -0.400         0.443         1.215         0.000         0.578         1.258         1.100         0.000         0.000         0.000
  24        -1.367        32.683        -0.400         0.428         1.201         0.000         0.565         1.230         1.100         0.000         0.000         0.000
  25        -1.267        33.856        -0.400         0.381         1.199         0.000         0.656         1.180         1.100         0.000         0.000         0.000
  26        -1.167        35.040        -0.400         0.430         1.198         0.000         0.403         1.228         1.100         0.000         0.000         0.000
  27        -1.067        36.220        -0.400         0.382         1.198         0.000         0.171         1.180         1.100         0.000         0.000         0.000
  28        -0.967        37.388        -0.400         0.374         1.198         0.000         0.241         1.172         1.100         0.000         0.000         0.000
  29        -0.867        38.553        -0.400         0.405         1.198         0.000         0.456         1.204         1.100         0.000         0.000         0.000
  30        -0.767        39.728        -0.400         0.467         1.198         0.000         0.461         1.265         1.100         0.000         0.000         0.000
  31        -0.667        40.903        -0.400         0.454         1.198         0.000         0.389         1.252         1.100         0.000         0.000         0.000
huber_x: back at -2.1669800000000095 (start -2.167010000000019)
Scan file closed (success, 31 points): /gdata/dm/8ID/8IDE/2026-3/pope202609/data/bluesky/A0031_G10_a0001.csv
[verify] -> /gdata/dm/8ID/8IDE/2026-3/pope202609/data/bluesky/A0031_G10_a0001.csv
[verify] left at x=-2.1670 y=41.7420 delta=10.0000
